
 Start  Stop   Length Name               Class

 00000H 02D2AH 02D2BH _TEXT              CODE
 02D2BH 12D0EH 0FFE4H GAS_RTU_TEXT       CODE
 12D0FH 12D28H 0001AH WDT_TEXT           CODE
 12D29H 12D34H 0000CH CLOCKH_TEXT        CODE
 12D35H 12D61H 0002DH CLOCKHL_TEXT       CODE
 12D62H 12D6DH 0000CH CLOCKL_TEXT        CODE
 12D6EH 12EEAH 0017DH DS1302_TEXT        CODE
 12EEBH 12F37H 0004DH GETDATE_TEXT       CODE
 12F38H 12F6AH 00033H GETTIME_TEXT       CODE
 12F6BH 12F9EH 00034H READRAM_TEXT       CODE
 12F9FH 1305DH 000BFH GETT_D_TEXT        CODE
 1305EH 131D2H 00175H SETDATE_TEXT       CODE
 131D3H 13260H 0008EH SETTIME_TEXT       CODE
 13261H 1328EH 0002EH WRITERAM_TEXT      CODE
 1328FH 1328FH 00000H SYS_VAR_TEXT       CODE
 1328FH 1335BH 000CDH INITLIB_TEXT       CODE
 1335CH 134ABH 00150H EEP_BASE_TEXT      CODE
 134ACH 134C2H 00017H EE_DISWR_TEXT      CODE
 134C3H 134CAH 00008H EE_ENWR_TEXT       CODE
 134CBH 13568H 0009EH EE_MREAD_TEXT      CODE
 13569H 135D6H 0006EH EE_MWR_TEXT        CODE
 135D7H 13616H 00040H EE_RDNXT_TEXT      CODE
 13617H 13689H 00073H EE_READ_TEXT       CODE
 1368AH 1368AH 00000H EE_VAR_TEXT        CODE
 1368AH 136E0H 00057H EE_WR_TEXT         CODE
 136E1H 13742H 00062H FLASHER_TEXT       CODE
 13743H 138B5H 00173H FLASHID_TEXT       CODE
 138B6H 138E7H 00032H FLASHRD_TEXT       CODE
 138E8H 13947H 00060H FLASHWR_TEXT       CODE
 13948H 1397BH 00034H DELAY_TEXT         CODE
 1397CH 13AA6H 0012BH TIMER_TEXT         CODE
 13AA7H 13AC5H 0001FH TIMERD_TEXT        CODE
 13AC6H 13AD5H 00010H TIMERST_TEXT       CODE
 13AD6H 13B1FH 0004AH BAUDDIV_TEXT       CODE
 13B20H 13B37H 00018H CHKPORT_TEXT       CODE
 13B38H 13B5DH 00026H CLRCOM_TEXT        CODE
 13B5EH 13B95H 00038H COMINST_TEXT       CODE
 13B96H 13B96H 00000H UART_VAR_TEXT      CODE
 13B96H 13BBBH 00026H WAIT485_TEXT       CODE
 13BBCH 13BE9H 0002EH CHG_DATA_TEXT      CODE
 13BEAH 13D2DH 00144H C1_BAUD_TEXT       CODE
 13D2EH 13D49H 0001CH C1_CLEAR_TEXT      CODE
 13D4AH 13FEBH 002A2H C1_DMA_TEXT        CODE
 13FECH 14013H 00028H C1_ISCOM_TEXT      CODE
 14014H 144BFH 004ACH C1_ISR_TEXT        CODE
 144C0H 144CCH 0000DH C1_OE_TEXT         CODE
 144CDH 1453CH 00070H C1_READ_TEXT       CODE
 1453DH 1468CH 00150H C1_SENDN_TEXT      CODE
 1468DH 1472CH 000A0H C1_TOCOM_TEXT      CODE
 1472DH 1475BH 0002FH C1_WAIT_TEXT       CODE
 1475CH 1489FH 00144H C2_BAUD_TEXT       CODE
 148A0H 148BBH 0001CH C2_CLEAR_TEXT      CODE
 148BCH 14B5DH 002A2H C2_DMA_TEXT        CODE
 14B5EH 14B85H 00028H C2_ISCOM_TEXT      CODE
 14B86H 15031H 004ACH C2_ISR_TEXT        CODE
 15032H 1503EH 0000DH C2_OE_TEXT         CODE
 1503FH 150AEH 00070H C2_READ_TEXT       CODE
 150AFH 151FEH 00150H C2_SENDN_TEXT      CODE
 151FFH 1529EH 000A0H C2_TOCOM_TEXT      CODE
 1529FH 152CDH 0002FH C2_WAIT_TEXT       CODE
 152CEH 153BBH 000EEH C3_BAUD_TEXT       CODE
 153BCH 15402H 00047H C3_CLEAR_TEXT      CODE
 15403H 15541H 0013FH C3_COMN_TEXT       CODE
 15542H 1555CH 0001BH C3_ISCOM_TEXT      CODE
 1555DH 15569H 0000DH C3_OE_TEXT         CODE
 1556AH 155D2H 00069H C3_READ_TEXT       CODE
 155D3H 15695H 000C3H C3_TOCOM_TEXT      CODE
 15696H 15D91H 006FCH C3_UART_TEXT       CODE
 15D92H 15DC6H 00035H C3_WAIT_TEXT       CODE
 15DC7H 15EB4H 000EEH C4_BAUD_TEXT       CODE
 15EB5H 15ED3H 0001FH C4_CLEAR_TEXT      CODE
 15ED4H 16004H 00131H C4_COMN_TEXT       CODE
 16005H 1601FH 0001BH C4_ISCOM_TEXT      CODE
 16020H 1602CH 0000DH C4_OE_TEXT         CODE
 1602DH 1606DH 00041H C4_READ_TEXT       CODE
 1606EH 16122H 000B5H C4_TOCOM_TEXT      CODE
 16123H 165A2H 00480H C4_UART_TEXT       CODE
 165A3H 165D7H 00035H C4_WAIT_TEXT       CODE
 165D8H 166C5H 000EEH C5_BAUD_TEXT       CODE
 166C6H 1670CH 00047H C5_CLEAR_TEXT      CODE
 1670DH 16719H 0000DH C5_OE_TEXT         CODE
 1671AH 16E15H 006FCH C5_UART_TEXT       CODE
 16E16H 16E4AH 00035H C5_WAIT_TEXT       CODE
 16E4BH 16F38H 000EEH C6_BAUD_TEXT       CODE
 16F39H 16F7FH 00047H C6_CLEAR_TEXT      CODE
 16F80H 16F8CH 0000DH C6_OE_TEXT         CODE
 16F8DH 17688H 006FCH C6_UART_TEXT       CODE
 17689H 176BDH 00035H C6_WAIT_TEXT       CODE
 176BEH 177ABH 000EEH C7_BAUD_TEXT       CODE
 177ACH 177F2H 00047H C7_CLEAR_TEXT      CODE
 177F3H 177FFH 0000DH C7_OE_TEXT         CODE
 17800H 17EFBH 006FCH C7_UART_TEXT       CODE
 17EFCH 17F30H 00035H C7_WAIT_TEXT       CODE
 17F31H 17F70H 00040H HEXASCII_TEXT      CODE
 17F71H 17FDFH 0006FH PIO14_TEXT         CODE
 17FE0H 182BAH 002DBH DS2502_TEXT        CODE
 182BBH 18444H 0018AH X607_TEXT          CODE
 18450H 1ABC6H 02777H EMU_PROG           CODE
 1ABD0H 1B197H 005C8H E87_PROG           CODE
 1B1A0H 1B1A0H 00000H _FARDATA           FAR_DATA
 1B1A0H 1B1A0H 00000H _FARBSS            FAR_BSS
 1B1A0H 1B1A0H 00000H _OVERLAY_          OVRINFO
 1B1A0H 1B1A0H 00000H _1STUB_            STUBSEG
 1B1A0H 1E815H 03676H _DATA              DATA
 1E816H 1E819H 00004H _CVTSEG            DATA
 1E81AH 1E825H 0000CH _SCNSEG            DATA
 1E826H 1E826H 00000H _CONST             CONST
 1E826H 1E831H 0000CH _INIT_             INITDATA
 1E832H 1E832H 00000H _INITEND_          INITDATA
 1E832H 1E837H 00006H _EXIT_             EXITDATA
 1E838H 1E838H 00000H _EXITEND_          EXITDATA
 1E838H 1FEB7H 01680H _BSS               BSS
 1FEB8H 1FEB8H 00000H _BSSEND            BSSEND
 1FEC0H 1FFCFH 00110H _STACK             STACK

  Address         Publics by Name

 1B1A:0000       DATASEG@
 0000:0260       DGROUP@
 1845:2152       e086_Entry
 1845:26E0       e086_Shortcut
 1ABD:0306       e087_Entry
 1ABD:03C6       e087_Shortcut
 1ABD:0430       e087_Trap
 1335:0037       EE_BITWRITE
 1335:0117       EE_INITWRITEMODE
 1335:00C3       EE_WRITEBYTE
 0000:FE32  Abs  FIARQQ
 0000:0E32  Abs  FICRQQ
 0000:5C32  Abs  FIDRQQ
 0000:1632  Abs  FIERQQ
 0000:0632  Abs  FISRQQ
 0000:A23D  Abs  FIWRQQ
 0000:4000  Abs  FJARQQ
 0000:C000  Abs  FJCRQQ
 0000:8000  Abs  FJSRQQ
 0000:1561       FTOL@
 0000:1561       F_FTOL@
 0000:029A       F_LDIV@
 0000:02A9       F_LMOD@
 0000:02A1       F_LUDIV@
 0000:02B1       F_LUMOD@
 0000:0348       F_LXLSH@
 0000:0264       F_LXMUL@
 0000:0369       F_LXURSH@
 0000:1650       F_PADD@
 0000:167F       F_PSUB@
 0000:027B       F_SCOPY@
 0000:16B3       F_SPUSH@
 0000:029A       LDIV@
 0000:02A9       LMOD@
 0000:02A1       LUDIV@
 0000:02B1       LUMOD@
 0000:0348       LXLSH@
 0000:0264       LXMUL@
 0000:0369       LXURSH@
 0000:0297       N_LDIV@
 0000:02A6       N_LMOD@
 0000:029E       N_LUDIV@
 0000:02AE       N_LUMOD@
 0000:0345       N_LXLSH@
 0000:0366       N_LXURSH@
 0000:164D       N_PADD@
 0000:17FB       N_PCMP@
 0000:167C       N_PSUB@
 0000:16AD       N_SPUSH@
 0000:1650       PADD@
 0000:167F       PSUB@
 0000:027B       SCOPY@
 0000:16B3       SPUSH@
 0000:0249       _abort
 1B1A:41CA       _Ain
 02D2:12E3       _AnnubarKoeff
 1B1A:4152       _Aout
 17F3:0001       _ascii_to_hex
 0000:158D       _atexit
 0000:05DF       _atof
 02D2:B60D       _AverageBasicParam
 02D2:BED0       _AverageExpandParams
 02D2:BAFE       _AverageMinutExpandParam
 1B1A:3737       _avg_old
 1B1A:3B67       _Basic
 1B1A:2F75       _bCtsChanged_1
 1B1A:2FE5       _bCtsChanged_5
 1B1A:3025       _bCtsChanged_6
 1B1A:3065       _bCtsChanged_7
 02D2:12CF       _BettaKoeff
 1B1A:2F8C       _bGetBreak_1
 1B1A:2FBC       _bGetBreak_2
 1B1A:2F07       _bGetBreak_3
 1B1A:2F4F       _bGetBreak_4
 1B1A:2FFC       _bGetBreak_5
 1B1A:303C       _bGetBreak_6
 1B1A:307C       _bGetBreak_7
 1B1A:2FC2       _bMsrChanged
 1B1A:2F92       _bMsrChanged_1
 1B1A:3002       _bMsrChanged_5
 1B1A:3042       _bMsrChanged_6
 1B1A:3082       _bMsrChanged_7
 1B1A:2D92       _bNeedSetSpeed
 1B1A:2F7E       _bUseXonXoff_1
 1B1A:2EE7       _bUseXonXoff_3
 1B1A:2F2F       _bUseXonXoff_4
 1B1A:2FEE       _bUseXonXoff_5
 1B1A:302E       _bUseXonXoff_6
 1B1A:306E       _bUseXonXoff_7
 1B1A:2DBA       _bWrite
 02D2:43A2       _ByteToString
 02D2:2118       _CalcAdiabat
 02D2:044F       _CalcCheckSum
 02D2:02CA       _CalcCRC16
 02D2:01EF       _CalcCRC32
 02D2:2C80       _CalcDensWork
 02D2:2D57       _CalcFlowMain
 02D2:2B16       _CalcFlowRate
 02D2:2452       _CalcGERG91Koeff
 02D2:0497       _CalcModbusSum
 02D2:13DE       _CalcOrifNewC
 02D2:167B       _CalcOrifNewEgle
 02D2:1789       _CalcOrifNewExpand
 02D2:194E       _CalcOrifNewRougness
 02D2:23FE       _CalcPpk
 02D2:2D16       _CalcReinAnnubar
 02D2:23B5       _CalcSFactor
 02D2:2428       _CalcTpk
 02D2:BD38       _CalculateMain
 02D2:2CD4       _CalcVelosity
 02D2:2C3D       _CalcViscExt
 02D2:2BA7       _CalcViscosity
 1B1A:1293       _carbon_dioxid
 1328:000F       _CheckCpuSpeed
 1569:017B       _CheckInputBufSize_1
 1671:017F       _CheckInputBufSize_5
 16F8:0182       _CheckInputBufSize_6
 1780:0175       _CheckInputBufSize_7
 1B1A:36C3       _checksum
 1569:0165       _CheckXonXoff_1
 1401:00DB       _CheckXonXoff_3
 14B8:00DD       _CheckXonXoff_4
 1671:0169       _CheckXonXoff_5
 16F8:016C       _CheckXonXoff_6
 1780:015F       _CheckXonXoff_7
 13B2:0000       _Chk_Port
 02D2:8CC9       _ClearArchive
 02D2:4160       _ClearBuffer
 13B3:0008       _ClearCom
 1B1A:2E46       _ClearCom_
 153B:000C       _ClearCom_1
 15EB:0005       _ClearCom_2
 13D2:000E       _ClearCom_3
 148A:0000       _ClearCom_4
 166C:0006       _ClearCom_5
 16F3:0009       _ClearCom_6
 177A:000C       _ClearCom_7
 13D4:0225       _ClearCom_DMA_3
 148B:0227       _ClearCom_DMA_4
 02D2:8848       _ClearFlashSeg
 1569:0039       _ClearTxBuffer_1
 1612:0014       _ClearTxBuffer_2
 1401:0036       _ClearTxBuffer_3
 14B8:0038       _ClearTxBuffer_4
 1671:003D       _ClearTxBuffer_5
 16F8:0040       _ClearTxBuffer_6
 1780:0033       _ClearTxBuffer_7
 12D2:0009       _ClockHigh
 12D3:0005       _ClockHighLow
 12D3:0015       _ClockHighLow_1
 12D6:0002       _ClockLow
 1B1A:36B3       _cnt
 1B1A:3735       _cnt_cbr
 1B1A:3732       _cnt_init
 1B1A:2F56       _ComBase_1
 1B1A:2F98       _ComBase_2
 1B1A:2FC6       _ComBase_5
 1B1A:3006       _ComBase_6
 1B1A:3046       _ComBase_7
 1B1A:2EEF       _ComData7_3
 1B1A:2F37       _ComData7_4
 1B1A:2F5C       _ComErr_1
 1B1A:2F9E       _ComErr_2
 1B1A:2FCC       _ComErr_5
 1B1A:300C       _ComErr_6
 1B1A:304C       _ComErr_7
 1B1A:2F7F       _ComFcr_1
 1B1A:2FAF       _ComFcr_2
 1B1A:2FEF       _ComFcr_5
 1B1A:302F       _ComFcr_6
 1B1A:306F       _ComFcr_7
 1B1A:2F84       _ComInCount_1
 1B1A:2FB4       _ComInCount_2
 1B1A:2FF4       _ComInCount_5
 1B1A:3034       _ComInCount_6
 1B1A:3074       _ComInCount_7
 02D2:E2DA       _CommunnicLink
 1B1A:2F88       _ComOutCount_1
 1B1A:2FB8       _ComOutCount_2
 1B1A:2FF8       _ComOutCount_5
 1B1A:3038       _ComOutCount_6
 1B1A:3078       _ComOutCount_7
 1B1A:3E32       _Config
 02D2:4841       _ConfigParamChange
 02D2:F5AD       _ConfigSetToMMI
 1B1A:0D0F       _conf_all
 1B1A:041D       _conf_basic
 1B1A:07D4       _conf_exp
 1B1A:05DC       _conf_icp
 1B1A:0200       _conf_main
 1B1A:00B6       _conf_menu
 1B1A:0520       _conf_select
 02D2:462B       _ConvertToDec
 02D2:0184       _ConvLongToBynare
 02D2:0408       _ConvToBynare
 02D2:0364       _ConvToFloat
 02D2:03A2       _ConvToFloatVerify
 1B1A:4ACD       _coord
 1B1A:2E26       _CountDownTimer
 1B1A:0BD5       _count_menu
 1B1A:4ACC       _count_smb
 1B1A:2F71       _CurCTS_1
 1B1A:2FE1       _CurCTS_5
 1B1A:3021       _CurCTS_6
 1B1A:3061       _CurCTS_7
 1B1A:4C62       _CurMsr
 1B1A:4C60       _CurMsr_1
 1B1A:4C78       _CurMsr_5
 1B1A:4C84       _CurMsr_6
 1B1A:4C90       _CurMsr_7
 1B1A:2F73       _CurRTS_1
 1B1A:2FE3       _CurRTS_5
 1B1A:3023       _CurRTS_6
 1B1A:3063       _CurRTS_7
 1B1A:4B16       _Cursor
 02D2:CEBD       _DataFromModbus
 13D4:01E9       _DataSizeInCom_DMA_3
 148B:01EB       _DataSizeInCom_DMA_4
 02D2:C74E       _DataToModbus
 1B1A:36AD       _day
 1394:0008       _Delay
 02D2:456F       _DeleteKey
 1B1A:1297       _density
 1B1A:4051       _Device
 02D2:22F8       _DiameterCorrectD
 02D2:223B       _DiameterCorrectP
 1B1A:0BEA       _dif
 1B1A:4142       _Dio
 1B1A:4B02       _Display
 1B1A:0BD8       _display_ver_mode
 1B1A:3736       _dlt_tm
 1B1A:2F80       _DoInputData_1
 1B1A:2FB0       _DoInputData_2
 1B1A:2FF0       _DoInputData_5
 1B1A:3030       _DoInputData_6
 1B1A:3070       _DoInputData_7
 1B1A:0BD6       _dot_flow
 1B1A:0EA7       _dyn_all
 1B1A:011F       _dyn_set
 1B1A:1287       _d_pipe
 1B1A:128B       _d_sens
 1B1A:2DAA       _EE1_MultiRead
 1B1A:2DB2       _EE1_MultiWrite
 1B1A:2DA2       _EE1_RandomRead
 1B1A:2DAE       _EE1_RandomWrite
 1B1A:2DA6       _EE1_ReadNext
 1B1A:2DC0       _EepAddrOffset
 1B1A:2DBE       _EepBlockOffset
 1B1A:2DBC       _EepType
 1B1A:2D9E       _EE_ClockHighLow
 1B1A:2DB8       _EE_Err
 134C:000B       _EE_MultiRead
 1356:0009       _EE_MultiWrite
 1361:0007       _EE_RandomRead
 1368:000A       _EE_RandomWrite
 1335:008E       _EE_ReadAck
 1335:00EA       _EE_ReadByte
 135D:0007       _EE_ReadNext
 1335:00AC       _EE_SendAck
 1335:0059       _EE_Start
 1335:007C       _EE_Stop
 134C:0003       _EE_WriteEnable
 134A:000C       _EE_WriteProtect
 02D2:45B0       _EnterFigure
 02D2:4529       _EnterKey
 1B1A:4ADF       _enter_ind
 1B1A:36FD       _err
 1B1A:007F       _errno
 1B1A:2EE8       _err_3
 1B1A:2F30       _err_4
 1B1A:12A4       _err_pnt
 1B1A:009E       _etl
 02D2:E098       _ExecuteInitialize
 0000:1612       _exit
 0000:110B       _exp
 1B1A:3767       _Expand
 1B1A:4B1C       _exp_const
 1B1A:4B6C       _exp_dyn
 1B1A:12E2       _exp_size_prm
 0000:05F6       _fabs
 0000:1F1F       _farfree
 0000:2033       _farmalloc
 0000:2197       _farrealloc
 1B1A:2DC4       _fCheck
 1B1A:2F6D       _fCtsControlMode_1
 1B1A:2FDD       _fCtsControlMode_5
 1B1A:301D       _fCtsControlMode_6
 1B1A:305D       _fCtsControlMode_7
 0000:2380       _fflush
 1B1A:1285       _firstPass
 1B1A:129B       _flagScript
 1B1A:0094       _flag_mode_verif
 1374:0019       _FlashCmd
 136E:0001       _FlashErase
 1B1A:2DC8       _FlashId
 138B:0006       _FlashReadB
 138B:0016       _FlashReadI
 1374:0106       _FlashReadId
 138B:0026       _FlashReadL
 1374:0032       _FlashResetToReadMode
 1B1A:2DCA       _FlashSize
 1374:0003       _FlashUnlock
 138E:0008       _FlashWrite
 1B1A:3738       _flg_arc_clr
 1B1A:373B       _flg_arc_d
 1B1A:373C       _flg_arc_h
 1B1A:373E       _flg_auto
 1B1A:36CB       _flg_err
 1B1A:4ADB       _flg_init
 1B1A:373D       _flg_init_arc
 1B1A:373A       _flg_min
 1B1A:4ACB       _flg_modem
 1B1A:373F       _flg_month
 1B1A:3733       _flg_pool
 1B1A:3739       _flg_sec
 02D2:417B       _FloatToString
 02D2:05CA       _FloatToText
 0000:1179       _floor
 0000:244D       _flushall
 02D2:38EB       _FormateArchive
 02D2:07C4       _FormateEvent
 0000:248F       _fprintf
 0000:2688       _fputc
 0000:281B       _fputchar
 0000:1F1F       _free
 1B1A:2F6F       _fRtsControlMode_1
 1B1A:2FDF       _fRtsControlMode_5
 1B1A:301F       _fRtsControlMode_6
 1B1A:305F       _fRtsControlMode_7
 0000:252D       _fseek
 0000:25AD       _ftell
 0000:0605       _gcvt
 02D2:D444       _GetAllDescript
 02D2:000B       _GetArcPoint
 02D2:466F       _GetArcReadPoint
 12EE:000B       _GetDate
 02D2:899C       _GetDateTime
 17F7:0068       _GetDio14
 1612:00BC       _GetInputBufFreeSize
 1569:00E1       _GetInputBufFreeSize_1
 1671:00E5       _GetInputBufFreeSize_5
 16F8:00E8       _GetInputBufFreeSize_6
 1780:00DB       _GetInputBufFreeSize_7
 02D2:DD5D       _GetModuleAin
 02D2:E029       _GetModuleDio
 17FE:0206       _GetSerialNumber
 12F3:0008       _GetTime
 12F9:000F       _GetTimeDate
 1569:0052       _GetTxBufferFreeSize_1
 1612:002D       _GetTxBufferFreeSize_2
 1401:0042       _GetTxBufferFreeSize_3
 14B8:0044       _GetTxBufferFreeSize_4
 1671:0056       _GetTxBufferFreeSize_5
 16F8:0059       _GetTxBufferFreeSize_6
 1780:004C       _GetTxBufferFreeSize_7
 02D2:C6E6       _GetValuesScale
 12EE:003D       _GetWeekDay
 02D2:3D5C       _GoToMenuMMI
 1B1A:3086       _hex_to_ascii
 1B1A:4AE1       _Horizont
 1B1A:3E27       _Host
 1B1A:36AB       _hour
 1B1A:3740       _icp_lnt
 1B1A:3734       _icp_pool
 1B1A:372F       _icp_wr
 1B1A:2ECC       _In7188Buf_3
 1B1A:2F14       _In7188Buf_4
 1B1A:2ED8       _InBeginIdx_3
 1B1A:2F20       _InBeginIdx_4
 1B1A:2F65       _InBufSize_1
 1B1A:2FA7       _InBufSize_2
 1B1A:2ED4       _InBufSize_3
 1B1A:2F1C       _InBufSize_4
 1B1A:2FD5       _InBufSize_5
 1B1A:3015       _InBufSize_6
 1B1A:3055       _InBufSize_7
 1B1A:2F5D       _InData_1
 1B1A:2F9F       _InData_2
 1B1A:2FCD       _InData_5
 1B1A:300D       _InData_6
 1B1A:304D       _InData_7
 1B1A:00B2       _ind_accum
 1B1A:3742       _ind_dsp
 1B1A:36CA       _ind_err
 1B1A:00A6       _ind_prm_alm
 1B1A:12DE       _ind_rst
 1B1A:2EDA       _InEndIdx_3
 1B1A:2F22       _InEndIdx_4
 1B1A:2F58       _InInIdx_1
 1B1A:2F9A       _InInIdx_2
 1B1A:2FC8       _InInIdx_5
 1B1A:3008       _InInIdx_6
 1B1A:3048       _InInIdx_7
 02D2:1142       _InitArchive
 02D2:0E46       _InitBasicStruct
 02D2:9E3E       _InitializeMain
 1328:00CA       _InitLib
 02D2:8E98       _InitModem
 02D2:8EE6       _InitModuleStruct
 02D2:0B0F       _InitStationStruct
 1B1A:2F5A       _InOutIdx_1
 1B1A:2F9C       _InOutIdx_2
 1B1A:2FCA       _InOutIdx_5
 1B1A:300A       _InOutIdx_6
 1B1A:304A       _InOutIdx_7
 13B5:000E       _InstallCom
 1569:0153       _InstallComInputData_1
 1612:0108       _InstallComInputData_2
 1401:00C9       _InstallComInputData_3
 14B8:00CB       _InstallComInputData_4
 1671:0157       _InstallComInputData_5
 16F8:015A       _InstallComInputData_6
 1780:014D       _InstallComInputData_7
 1B1A:2E66       _InstallCom_
 1569:04FA       _InstallCom_1
 1612:02A4       _InstallCom_2
 1401:02DB       _InstallCom_3
 14B8:02DD       _InstallCom_4
 1671:04FE       _InstallCom_5
 16F8:0501       _InstallCom_6
 1780:04F4       _InstallCom_7
 13D4:00AA       _InstallCom_DMA_3
 148B:00AC       _InstallCom_DMA_4
 1397:0042       _Int1CIsr
 1397:000D       _Int9Isr
 02D2:4480       _IntegerToString
 1B1A:2D80       _IntVect
 0000:171F       _isatty
 1555:000D       _IsComOutBufEmpty_1
 1602:0000       _IsComOutBufEmpty_2
 144C:0000       _IsComOutBufEmpty_3
 1503:0002       _IsComOutBufEmpty_4
 1670:000D       _IsComOutBufEmpty_5
 16F8:0000       _IsComOutBufEmpty_6
 177F:0003       _IsComOutBufEmpty_7
 1554:0002       _IsCom_1
 1600:0005       _IsCom_2
 13FE:000C       _IsCom_3
 14B5:000E       _IsCom_4
 13D4:0244       _IsCom_DMA_3
 148B:0246       _IsCom_DMA_4
 1305:000E       _IsLeapYear
 15D9:0002       _IsTxBufEmpty_1
 165A:0003       _IsTxBufEmpty_2
 1472:000D       _IsTxBufEmpty_3
 1529:000F       _IsTxBufEmpty_4
 16E1:0006       _IsTxBufEmpty_5
 1768:0009       _IsTxBufEmpty_6
 17EF:000C       _IsTxBufEmpty_7
 02D2:40FE       _KeyFound
 1B1A:0BDE       _k_compress
 1B1A:12AA       _lnt_mvs
 0000:143C       _log
 0000:1193       _log10
 13AD:0006       _LongDiv
 1B1A:2F3D       _LossCnt_0_4
 1B1A:2EF9       _LossCnt_1_3
 1B1A:2F41       _LossCnt_1_4
 1B1A:2EFD       _LossCnt_2_3
 1B1A:2F45       _LossCnt_2_4
 1B1A:2EF5       _LossCnt__3
 0000:17D2       _lseek
 1B1A:2F94       _LsrError_1
 1B1A:2FC4       _LsrError_2
 1B1A:3004       _LsrError_5
 1B1A:3044       _LsrError_6
 1B1A:3084       _LsrError_7
 02D2:6B8B       _main
 1B1A:00E6       _main_dyn
 1B1A:03E3       _main_select
 0000:2029       _malloc
 0000:109F       _matherr
 1B1A:2D60       _MaxDay
 1B1A:36C8       _Max_exp_mmi
 1B1A:12CE       _mb_page
 0000:2605       _memcpy
 0000:264D       _memset
 1B1A:36A9       _min
 1B1A:4AC5       _mmi_adr
 1B1A:4AC9       _mmi_arc
 1B1A:4ADC       _mmi_arc_page
 1B1A:4ADE       _mmi_num_sel
 1B1A:4AE0       _mmi_pass
 1B1A:3741       _mmi_pool
 1B1A:4AC7       _mmi_seg
 1B1A:4AA6       _mmi_sel
 1B1A:4ADD       _mmi_size
 1B1A:4AE4       _mmi_str
 1B1A:4AD5       _mmi_val
 1B1A:4C34       _Modbus
 02D2:D123       _ModbusHost
 02D2:CBCF       _ModbusSlave
 0000:120F       _modf
 1B1A:36AF       _month
 02D2:4705       _MoveCursorMMI
 02D2:4928       _MoveListMMI
 1B1A:36C9       _musor
 1B1A:12C8       _mvs_cbr
 1B1A:3744       _mvs_cmd
 1B1A:12B8       _mvs_rd
 1B1A:12BD       _mvs_rdl
 1B1A:3746       _mvs_val
 1B1A:12C2       _mvs_wr
 02D2:7D60       _MyTimer
 1B1A:1267       _name_arch
 1B1A:12AE       _name_icp
 1B1A:0FC3       _name_mmi_exp
 1B1A:124F       _name_mmi_select
 1B1A:1063       _name_sel_all
 1B1A:2F7C       _NeedXoff_1
 1B1A:2EE5       _NeedXoff_3
 1B1A:2F2D       _NeedXoff_4
 1B1A:2FEC       _NeedXoff_5
 1B1A:302C       _NeedXoff_6
 1B1A:306C       _NeedXoff_7
 1B1A:128F       _nitrogen
 1B1A:0BD4       _OK
 1B1A:2DF2       _OldInt09Isr
 1B1A:2DF6       _OldInt1CIsr
 1B1A:2EEB       _OldVectA
 1B1A:2F33       _OldVectB
 1B1A:2ED0       _Out7188Buf_3
 1B1A:2F18       _Out7188Buf_4
 1B1A:2EDC       _OutBeginIdx_3
 1B1A:2F24       _OutBeginIdx_4
 1B1A:2F67       _OutBufSize_1
 1B1A:2FA9       _OutBufSize_2
 1B1A:2ED6       _OutBufSize_3
 1B1A:2F1E       _OutBufSize_4
 1B1A:2FD7       _OutBufSize_5
 1B1A:3017       _OutBufSize_6
 1B1A:3057       _OutBufSize_7
 1B1A:2F61       _OutData_1
 1B1A:2FA3       _OutData_2
 1B1A:2FD1       _OutData_5
 1B1A:3011       _OutData_6
 1B1A:3051       _OutData_7
 1B1A:2EDE       _OutEndIdx_3
 1B1A:2F26       _OutEndIdx_4
 1B1A:2F69       _OutInIdx_1
 1B1A:2FAB       _OutInIdx_2
 1B1A:2FD9       _OutInIdx_5
 1B1A:3019       _OutInIdx_6
 1B1A:3059       _OutInIdx_7
 1B1A:2F6B       _OutOutIdx_1
 1B1A:2FAD       _OutOutIdx_2
 1B1A:2FDB       _OutOutIdx_5
 1B1A:301B       _OutOutIdx_6
 1B1A:305B       _OutOutIdx_7
 1B1A:0BD2       _page_clear
 02D2:3CFA       _page_screen
 1B1A:0BD3       _page_str_pass
 1B1A:4B1B       _page_temporary
 1B1A:4692       _Port
 0000:12AF       _pow
 0000:1094       _pow10
 1B1A:0BE6       _pressure
 02D2:435F       _PrintValue
 1B1A:3698       _proba
 1B1A:2DC2       _ProtectMode
 1B1A:4046       _Prt
 1B1A:0CDE       _psw
 1B1A:2EF1       _Rcnt_3
 1B1A:2F39       _Rcnt_4
 02D2:E217       _ReadCodeScript
 13D4:0135       _ReadComn_DMA_3
 148B:0137       _ReadComn_DMA_4
 1556:000A       _ReadCom_1
 1602:000D       _ReadCom_2
 144C:000D       _ReadCom_3
 1503:000F       _ReadCom_4
 13D4:0253       _ReadCom_DMA_3
 148B:0255       _ReadCom_DMA_4
 02D2:C4BA       _ReadConfigModbus
 02D2:BFB1       _ReadFromArchive
 02D2:C297       _ReadFromEvents
 02D2:AFCC       _ReadFromICP
 02D2:C19B       _ReadFromMinArch
 02D2:4A9B       _ReadFromMMI
 02D2:AC94       _ReadFromMVS
 12F6:000B       _ReadNVRAM
 12D6:0079       _ReadRTC
 12D6:00F5       _ReadRTC_Burst
 0000:2190       _realloc
 1B1A:36C7       _Real_exp_dyn
 1B1A:2F7B       _ReceiveXoff_1
 1B1A:2EE4       _ReceiveXoff_3
 1B1A:2F2C       _ReceiveXoff_4
 1B1A:2FEB       _ReceiveXoff_5
 1B1A:302B       _ReceiveXoff_6
 1B1A:306B       _ReceiveXoff_7
 12D0:000F       _RefreshWDT
 02D2:C612       _ReinstallPort
 1B1A:2D7C       _ResetMode
 02D2:9039       _RestoreBasicParameters
 1569:066A       _RestoreCom_1
 1612:03EB       _RestoreCom_2
 1401:040C       _RestoreCom_3
 14B8:040E       _RestoreCom_4
 1671:066E       _RestoreCom_5
 16F8:0671       _RestoreCom_6
 1780:0664       _RestoreCom_7
 02D2:9273       _RestoreExpandParameters
 02D2:9595       _RestoreSetAlarmsAIN
 02D2:9421       _RestoreSetAlarmsMVS
 02D2:47EC       _ReturnToMenuMMI
 02D2:17EA       _RoundFloat
 02D2:1878       _RoundToTwo
 02D2:FEB7       _SaveExpParams
 02D2:3D44       _SaveOldPageMMI
 02D2:FDAB       _SaveParameters
 1B1A:374A       _Script
 02D2:80D8       _ScriptArgumentSelect
 02D2:834F       _ScriptOperateExecution
 1B1A:36A7       _sec
 1B1A:2DCC       _SectorSize256
 1B1A:2DD8       _SectorSize512
 02D2:B4C6       _SelectSensor
 02D2:D2EC       _SendModbus
 02D2:A6C3       _SendToICP
 02D2:3D96       _SendToMMI
 02D2:A3D6       _SendToMVS
 1B1A:2F7D       _SendXoff_1
 1B1A:2EE6       _SendXoff_3
 1B1A:2F2E       _SendXoff_4
 1B1A:2FED       _SendXoff_5
 1B1A:302D       _SendXoff_6
 1B1A:306D       _SendXoff_7
 1B1A:4436       _Sensor
 1401:00F1       _Serial_Isr_3
 14B8:00F3       _Serial_Isr_4
 1B1A:36BB       _serial_num
 152C:000E       _SetBaudrate_1
 15DC:0007       _SetBaudrate_2
 13BE:000A       _SetBaudrate_3
 1475:000C       _SetBaudrate_4
 165D:0008       _SetBaudrate_5
 16E4:000B       _SetBaudrate_6
 176B:000E       _SetBaudrate_7
 0000:2364       _setblock
 02D2:0A1C       _SetClearAlarms
 02D2:9DB0       _SetClearAlarmsAIN
 02D2:9A21       _SetClearAlarmsMVS
 02D2:0817       _SetClearAlarmsPrm
 02D2:9AE5       _SetClearAlarmsPrmAIN
 1569:0069       _SetComFifoTriggerLevel_1
 1612:0044       _SetComFifoTriggerLevel_2
 1671:006D       _SetComFifoTriggerLevel_5
 16F8:0070       _SetComFifoTriggerLevel_6
 1780:0063       _SetComFifoTriggerLevel_7
 1569:0011       _SetComPortBufferSize_1
 1612:0003       _SetComPortBufferSize_2
 1401:000F       _SetComPortBufferSize_3
 14B8:0011       _SetComPortBufferSize_4
 1671:0015       _SetComPortBufferSize_5
 16F8:0018       _SetComPortBufferSize_6
 1780:000B       _SetComPortBufferSize_7
 1606:000E       _SetComTimeout
 155D:0003       _SetComTimeout_1
 1468:000D       _SetComTimeout_3
 151F:000F       _SetComTimeout_4
 152C:006B       _SetDataFormat_1
 15DC:0064       _SetDataFormat_2
 13BE:0069       _SetDataFormat_3
 1475:006B       _SetDataFormat_4
 165D:0065       _SetDataFormat_5
 16E4:0068       _SetDataFormat_6
 176B:006B       _SetDataFormat_7
 1305:004A       _SetDate
 17F7:0001       _SetDio14Dir
 17F7:0050       _SetDio14High
 17F7:005C       _SetDio14Low
 02D2:3D2F       _SetDisplayPage
 02D2:8A11       _SetExpandDescript
 0000:2629       _setmem
 02D2:7D2D       _SetStatusModbus
 131D:0003       _SetTime
 0000:2A2E       _setvbuf
 1305:0164       _SetWeekDay
 1569:0006       _SetXonXoffControlMode_1
 1401:0004       _SetXonXoffControlMode_3
 14B8:0006       _SetXonXoffControlMode_4
 1671:000A       _SetXonXoffControlMode_5
 16F8:000D       _SetXonXoffControlMode_6
 1780:0000       _SetXonXoffControlMode_7
 1B1A:05C0       _set_archive
 1B1A:0CEF       _set_bd
 1B1A:0CED       _set_dt
 1B1A:0CE8       _set_pr
 1B1A:0CEB       _set_st
 1B1A:129C       _set_ta
 1335:015B       _ShowEEP_setting
 1B1A:2F77       _SizeToXoff_1
 1B1A:2EE0       _SizeToXoff_3
 1B1A:2F28       _SizeToXoff_4
 1B1A:2FE7       _SizeToXoff_5
 1B1A:3027       _SizeToXoff_6
 1B1A:3067       _SizeToXoff_7
 1B1A:2F79       _SizeToXon_1
 1B1A:2EE2       _SizeToXon_3
 1B1A:2F2A       _SizeToXon_4
 1B1A:2FE9       _SizeToXon_5
 1B1A:3029       _SizeToXon_6
 1B1A:3069       _SizeToXon_7
 1B1A:0096       _size_conf
 1B1A:4AC4       _size_max
 1B1A:4AE3       _Size_str
 0000:10C9       _sqrt
 1B1A:0BDA       _stand_flow
 1B1A:2DC6       _StartSector
 1B1A:2F01       _status1_3
 1B1A:2F49       _status1_4
 1B1A:2D9A       _STD_PORT
 1B1A:0BD0       _step
 1B1A:2E24       _StopWatchMode
 1B1A:2E04       _StopWatchValue
 0000:2B49       _strlen
 0000:0CE0       _strtod
 1B1A:0C8E       _str_menu
 1B1A:0CBE       _str_menu1
 1B1A:0CCE       _str_menu2
 1B1A:0BEE       _str_page
 1B1A:2D84       _SystemSerialNumber
 0000:18D2       _tell
 1B1A:0BE2       _temperature
 02D2:04D6       _TextToFloat
 1397:00F0       _Timer
 1397:00BB       _TimerClose
 1B1A:2DEC       _TimerCount
 1397:005E       _TimerOpen
 13AA:0007       _TimerReadValue
 13AC:0006       _TimerResetValue
 1B1A:2D78       _TimeTicks
 1540:0003       _ToComBufn_1
 15ED:0004       _ToComBufn_2
 1453:000D       _ToComBufn_3
 150A:000F       _ToComBufn_4
 155D:000E       _ToCom_1
 1606:0019       _ToCom_2
 1468:0018       _ToCom_3
 151F:001A       _ToCom_4
 02D2:A3BD       _TransmitToSensor
 1B1A:2E86       _TriggerLevel
 1B1A:3743       _typ_pool
 1B1A:00AE       _typ_port
 1B1A:0FDF       _units_all
 1B1A:2D8C       _Unit_ms
 1B1A:2D8E       _Unit_ms1
 1B1A:2D90       _Unit_ms2
 1B1A:2EE9       _UseDMA_3
 1B1A:2F31       _UseDMA_4
 1B1A:2DFE       _UserTimer1cFunction
 1B1A:2DFA       _UserTimerFunction
 1B1A:2DF0       _UseTimer
 1397:000C       _Utimer
 02D2:122E       _VerifyAnnubar
 02D2:FF82       _VerifySum
 1B1A:4AE2       _Vertical
 02D2:4655       _ViewCursor
 02D2:C3E3       _ViewError
 02D2:F706       _ViewParamToMMI
 1B1A:2DB6       _WaitAckCount
 1374:0042       _WaitFlashCommandEnd
 13B9:0006       _WaitTransmitOver
 1B1A:2E94       _WaitTransmitOver_
 15D9:0010       _WaitTransmitOver_1
 165A:0011       _WaitTransmitOver_2
 1472:0015       _WaitTransmitOver_3
 1529:0017       _WaitTransmitOver_4
 16E1:0014       _WaitTransmitOver_5
 1768:0017       _WaitTransmitOver_6
 17EF:001A       _WaitTransmitOver_7
 02D2:96DF       _WriteAlarmsSetup
 02D2:8D0A       _WriteArchive
 02D2:E13C       _WriteCodeScript
 02D2:C57D       _WriteConfigModbus
 02D2:DB90       _WriteConfigParam
 02D2:00A0       _WriteEvent
 02D2:0167       _WriteEventFlash
 02D2:49D7       _WriteMenuToMMI
 1326:0001       _WriteNVRAM
 12D6:00CF       _WriteRTC
 12D6:015A       _WriteRTC_Burst
 1B1A:1283       _writeValues
 182B:0025       _X607_Init
 182B:0040       _X607_Read
 182B:00F9       _X607_ReadFn
 182B:0081       _X607_Write
 182B:0163       _X607_WriteFn
 02D2:21DD       _YaKoeff
 1B1A:36B1       _year
 1B1A:30B0       __8087
 0000:1000  Abs  __AHINCR
 0000:000C  Abs  __AHSHIFT
 1B1A:32AA       __atexitcnt
 1B1A:4C92       __atexittbl
 0000:2287       __brk
 1B1A:008B       __brklvl
 1B1A:006B       __C0argc
 1B1A:006D       __C0argv
 1B1A:0071       __C0environ
 0000:1633       __cexit
 0000:0167       __checknull
 0000:0154       __cleanup
 1B1A:2D98       __CpuSpeed
 1B1A:32AC       __ctype
 0000:0000  Abs  __cvtfak
 0000:1641       __c_exit
 1B1A:30C4       __default87
 1B1A:3576       __doserrno
 0000:170D       __DOSERROR
 1B1A:3578       __dosErrorToSV
 1FEC:0000       __emu
 1B1A:0075       __envLng
 1B1A:0077       __envseg
 1B1A:0079       __envSize
 0000:1621       __exit
 1B1A:33AE       __exitbuf
 1B1A:33B2       __exitfopen
 1B1A:33B6       __exitopen
 0000:1242       __EXPL
 0000:8087  Abs  __floatconvert
 0000:0F1C       __fperror
 1B1A:3574       __fpstklen
 0000:05DB       __fpuint
 0000:266C       __fputc
 0000:282F       __FPUTN
 1B1A:0087       __heapbase
 1B1A:008F       __heaptop
 1B1A:30CA       __huge_dble
 1B1A:30C6       __huge_flt
 1B1A:30D2       __huge_ldble
 1B1A:30DC       __indefinite
 1B1A:005B       __Int0Vector
 1B1A:005F       __Int4Vector
 1B1A:0063       __Int5Vector
 1B1A:0067       __Int6Vector
 0000:16D4       __IOERROR
 1B1A:30C1       __LDT
 0000:062B       __LDTRUNC
 0000:1730       __LONGTOA
 0000:14B8       __matherr
 1B1A:30EA       __mathwhy
 0000:0262       __MMODEL
 1B1A:2EB4       __Modify_Data
 1B1A:354A       __nfile
 1B1A:354C       __openfd
 1B1A:007D       __osmajor
 1B1A:007E       __osminor
 1B1A:007D       __osversion
 0000:0FCB       __POW10
 1B1A:30C0       __protected
 1B1A:007B       __psp
 0000:2354       __REALCVT
 1B1A:3676       __RealCvtVector
 0000:01BD       __restorezero
 0000:0882       __ROUND
 0000:22C6       __sbrk
 0000:2360       __scanpop
 0000:235C       __scanrslt
 0000:2358       __scantod
 1B1A:367A       __ScanTodVector
 0000:181C       __setupio
 1B1A:0081       __StartTime
 1B1A:35D2       __stklen
 1B1A:2EC4       __Stop2_3
 1B1A:2F0C       __Stop2_4
 1B1A:33BA       __streams
 0000:0C74       __strtold
 0000:0168       __terminate
 1B1A:30E0       __tiny_ldble
 0000:0000  Abs  __turboCvt
 0000:8087  Abs  __turboFloat
 0000:17B2       __UTOA
 1B1A:007D       __version
 0000:1902       __VPRINTER
 0000:2CB7       __write
 0000:0D14       __XCVT
 0000:2CF3       __xfflush
 1B1A:2D94       ___BaudDiv__
 1B1A:0085       ___brklvl
 0000:1DDF       ___first
 0000:04F4       ___fpreset
 0000:1DE1       ___last
 0000:1DE3       ___rover
 1B1A:4D12       ___SignalPtr
 0000:2B68       ___write
 1B1A:2D88       ____OsType__

  Address         Publics by Value

 0000:0000  Abs  __turboCvt
 0000:0000  Abs  __cvtfak
 0000:000C  Abs  __AHSHIFT
 0000:0632  Abs  FISRQQ
 0000:0E32  Abs  FICRQQ
 0000:1000  Abs  __AHINCR
 0000:1632  Abs  FIERQQ
 0000:4000  Abs  FJARQQ
 0000:5C32  Abs  FIDRQQ
 0000:8000  Abs  FJSRQQ
 0000:8087  Abs  __turboFloat
 0000:8087  Abs  __floatconvert
 0000:A23D  Abs  FIWRQQ
 0000:C000  Abs  FJCRQQ
 0000:FE32  Abs  FIARQQ
 0000:0154       __cleanup
 0000:0167       __checknull
 0000:0168       __terminate
 0000:01BD       __restorezero
 0000:0249       _abort
 0000:0260       DGROUP@
 0000:0262       __MMODEL
 0000:0264       F_LXMUL@
 0000:0264       LXMUL@
 0000:027B       F_SCOPY@
 0000:027B       SCOPY@
 0000:0297       N_LDIV@
 0000:029A       F_LDIV@
 0000:029A       LDIV@
 0000:029E       N_LUDIV@
 0000:02A1       F_LUDIV@
 0000:02A1       LUDIV@
 0000:02A6       N_LMOD@
 0000:02A9       F_LMOD@
 0000:02A9       LMOD@
 0000:02AE       N_LUMOD@
 0000:02B1       LUMOD@
 0000:02B1       F_LUMOD@
 0000:0345       N_LXLSH@
 0000:0348       LXLSH@
 0000:0348       F_LXLSH@
 0000:0366       N_LXURSH@
 0000:0369       LXURSH@
 0000:0369       F_LXURSH@
 0000:04F4       ___fpreset
 0000:05DB       __fpuint
 0000:05DF       _atof
 0000:05F6       _fabs
 0000:0605       _gcvt
 0000:062B       __LDTRUNC
 0000:0882       __ROUND
 0000:0C74       __strtold
 0000:0CE0       _strtod
 0000:0D14       __XCVT
 0000:0F1C       __fperror
 0000:0FCB       __POW10
 0000:1094       _pow10
 0000:109F       _matherr
 0000:10C9       _sqrt
 0000:110B       _exp
 0000:1179       _floor
 0000:1193       _log10
 0000:120F       _modf
 0000:1242       __EXPL
 0000:12AF       _pow
 0000:143C       _log
 0000:14B8       __matherr
 0000:1561       F_FTOL@
 0000:1561       FTOL@
 0000:158D       _atexit
 0000:1612       _exit
 0000:1621       __exit
 0000:1633       __cexit
 0000:1641       __c_exit
 0000:164D       N_PADD@
 0000:1650       F_PADD@
 0000:1650       PADD@
 0000:167C       N_PSUB@
 0000:167F       F_PSUB@
 0000:167F       PSUB@
 0000:16AD       N_SPUSH@
 0000:16B3       F_SPUSH@
 0000:16B3       SPUSH@
 0000:16D4       __IOERROR
 0000:170D       __DOSERROR
 0000:171F       _isatty
 0000:1730       __LONGTOA
 0000:17B2       __UTOA
 0000:17D2       _lseek
 0000:17FB       N_PCMP@
 0000:181C       __setupio
 0000:18D2       _tell
 0000:1902       __VPRINTER
 0000:1DDF       ___first
 0000:1DE1       ___last
 0000:1DE3       ___rover
 0000:1F1F       _free
 0000:1F1F       _farfree
 0000:2029       _malloc
 0000:2033       _farmalloc
 0000:2190       _realloc
 0000:2197       _farrealloc
 0000:2287       __brk
 0000:22C6       __sbrk
 0000:2354       __REALCVT
 0000:2358       __scantod
 0000:235C       __scanrslt
 0000:2360       __scanpop
 0000:2364       _setblock
 0000:2380       _fflush
 0000:244D       _flushall
 0000:248F       _fprintf
 0000:252D       _fseek
 0000:25AD       _ftell
 0000:2605       _memcpy
 0000:2629       _setmem
 0000:264D       _memset
 0000:266C       __fputc
 0000:2688       _fputc
 0000:281B       _fputchar
 0000:282F       __FPUTN
 0000:2A2E       _setvbuf
 0000:2B49       _strlen
 0000:2B68       ___write
 0000:2CB7       __write
 0000:2CF3       __xfflush
 02D2:000B       _GetArcPoint
 02D2:00A0       _WriteEvent
 02D2:0167       _WriteEventFlash
 02D2:0184       _ConvLongToBynare
 02D2:01EF       _CalcCRC32
 02D2:02CA       _CalcCRC16
 02D2:0364       _ConvToFloat
 02D2:03A2       _ConvToFloatVerify
 02D2:0408       _ConvToBynare
 02D2:044F       _CalcCheckSum
 02D2:0497       _CalcModbusSum
 02D2:04D6       _TextToFloat
 02D2:05CA       _FloatToText
 02D2:07C4       _FormateEvent
 02D2:0817       _SetClearAlarmsPrm
 02D2:0A1C       _SetClearAlarms
 02D2:0B0F       _InitStationStruct
 02D2:0E46       _InitBasicStruct
 02D2:1142       _InitArchive
 02D2:122E       _VerifyAnnubar
 02D2:12CF       _BettaKoeff
 02D2:12E3       _AnnubarKoeff
 02D2:13DE       _CalcOrifNewC
 02D2:167B       _CalcOrifNewEgle
 02D2:1789       _CalcOrifNewExpand
 02D2:17EA       _RoundFloat
 02D2:1878       _RoundToTwo
 02D2:194E       _CalcOrifNewRougness
 02D2:2118       _CalcAdiabat
 02D2:21DD       _YaKoeff
 02D2:223B       _DiameterCorrectP
 02D2:22F8       _DiameterCorrectD
 02D2:23B5       _CalcSFactor
 02D2:23FE       _CalcPpk
 02D2:2428       _CalcTpk
 02D2:2452       _CalcGERG91Koeff
 02D2:2B16       _CalcFlowRate
 02D2:2BA7       _CalcViscosity
 02D2:2C3D       _CalcViscExt
 02D2:2C80       _CalcDensWork
 02D2:2CD4       _CalcVelosity
 02D2:2D16       _CalcReinAnnubar
 02D2:2D57       _CalcFlowMain
 02D2:38EB       _FormateArchive
 02D2:3CFA       _page_screen
 02D2:3D2F       _SetDisplayPage
 02D2:3D44       _SaveOldPageMMI
 02D2:3D5C       _GoToMenuMMI
 02D2:3D96       _SendToMMI
 02D2:40FE       _KeyFound
 02D2:4160       _ClearBuffer
 02D2:417B       _FloatToString
 02D2:435F       _PrintValue
 02D2:43A2       _ByteToString
 02D2:4480       _IntegerToString
 02D2:4529       _EnterKey
 02D2:456F       _DeleteKey
 02D2:45B0       _EnterFigure
 02D2:462B       _ConvertToDec
 02D2:4655       _ViewCursor
 02D2:466F       _GetArcReadPoint
 02D2:4705       _MoveCursorMMI
 02D2:47EC       _ReturnToMenuMMI
 02D2:4841       _ConfigParamChange
 02D2:4928       _MoveListMMI
 02D2:49D7       _WriteMenuToMMI
 02D2:4A9B       _ReadFromMMI
 02D2:6B8B       _main
 02D2:7D2D       _SetStatusModbus
 02D2:7D60       _MyTimer
 02D2:80D8       _ScriptArgumentSelect
 02D2:834F       _ScriptOperateExecution
 02D2:8848       _ClearFlashSeg
 02D2:899C       _GetDateTime
 02D2:8A11       _SetExpandDescript
 02D2:8CC9       _ClearArchive
 02D2:8D0A       _WriteArchive
 02D2:8E98       _InitModem
 02D2:8EE6       _InitModuleStruct
 02D2:9039       _RestoreBasicParameters
 02D2:9273       _RestoreExpandParameters
 02D2:9421       _RestoreSetAlarmsMVS
 02D2:9595       _RestoreSetAlarmsAIN
 02D2:96DF       _WriteAlarmsSetup
 02D2:9A21       _SetClearAlarmsMVS
 02D2:9AE5       _SetClearAlarmsPrmAIN
 02D2:9DB0       _SetClearAlarmsAIN
 02D2:9E3E       _InitializeMain
 02D2:A3BD       _TransmitToSensor
 02D2:A3D6       _SendToMVS
 02D2:A6C3       _SendToICP
 02D2:AC94       _ReadFromMVS
 02D2:AFCC       _ReadFromICP
 02D2:B4C6       _SelectSensor
 02D2:B60D       _AverageBasicParam
 02D2:BAFE       _AverageMinutExpandParam
 02D2:BD38       _CalculateMain
 02D2:BED0       _AverageExpandParams
 02D2:BFB1       _ReadFromArchive
 02D2:C19B       _ReadFromMinArch
 02D2:C297       _ReadFromEvents
 02D2:C3E3       _ViewError
 02D2:C4BA       _ReadConfigModbus
 02D2:C57D       _WriteConfigModbus
 02D2:C612       _ReinstallPort
 02D2:C6E6       _GetValuesScale
 02D2:C74E       _DataToModbus
 02D2:CBCF       _ModbusSlave
 02D2:CEBD       _DataFromModbus
 02D2:D123       _ModbusHost
 02D2:D2EC       _SendModbus
 02D2:D444       _GetAllDescript
 02D2:DB90       _WriteConfigParam
 02D2:DD5D       _GetModuleAin
 02D2:E029       _GetModuleDio
 02D2:E098       _ExecuteInitialize
 02D2:E13C       _WriteCodeScript
 02D2:E217       _ReadCodeScript
 02D2:E2DA       _CommunnicLink
 02D2:F5AD       _ConfigSetToMMI
 02D2:F706       _ViewParamToMMI
 02D2:FDAB       _SaveParameters
 02D2:FEB7       _SaveExpParams
 02D2:FF82       _VerifySum
 12D0:000F       _RefreshWDT
 12D2:0009       _ClockHigh
 12D3:0005       _ClockHighLow
 12D3:0015       _ClockHighLow_1
 12D6:0002       _ClockLow
 12D6:0079       _ReadRTC
 12D6:00CF       _WriteRTC
 12D6:00F5       _ReadRTC_Burst
 12D6:015A       _WriteRTC_Burst
 12EE:000B       _GetDate
 12EE:003D       _GetWeekDay
 12F3:0008       _GetTime
 12F6:000B       _ReadNVRAM
 12F9:000F       _GetTimeDate
 1305:000E       _IsLeapYear
 1305:004A       _SetDate
 1305:0164       _SetWeekDay
 131D:0003       _SetTime
 1326:0001       _WriteNVRAM
 1328:000F       _CheckCpuSpeed
 1328:00CA       _InitLib
 1335:0037       EE_BITWRITE
 1335:0059       _EE_Start
 1335:007C       _EE_Stop
 1335:008E       _EE_ReadAck
 1335:00AC       _EE_SendAck
 1335:00C3       EE_WRITEBYTE
 1335:00EA       _EE_ReadByte
 1335:0117       EE_INITWRITEMODE
 1335:015B       _ShowEEP_setting
 134A:000C       _EE_WriteProtect
 134C:0003       _EE_WriteEnable
 134C:000B       _EE_MultiRead
 1356:0009       _EE_MultiWrite
 135D:0007       _EE_ReadNext
 1361:0007       _EE_RandomRead
 1368:000A       _EE_RandomWrite
 136E:0001       _FlashErase
 1374:0003       _FlashUnlock
 1374:0019       _FlashCmd
 1374:0032       _FlashResetToReadMode
 1374:0042       _WaitFlashCommandEnd
 1374:0106       _FlashReadId
 138B:0006       _FlashReadB
 138B:0016       _FlashReadI
 138B:0026       _FlashReadL
 138E:0008       _FlashWrite
 1394:0008       _Delay
 1397:000C       _Utimer
 1397:000D       _Int9Isr
 1397:0042       _Int1CIsr
 1397:005E       _TimerOpen
 1397:00BB       _TimerClose
 1397:00F0       _Timer
 13AA:0007       _TimerReadValue
 13AC:0006       _TimerResetValue
 13AD:0006       _LongDiv
 13B2:0000       _Chk_Port
 13B3:0008       _ClearCom
 13B5:000E       _InstallCom
 13B9:0006       _WaitTransmitOver
 13BE:000A       _SetBaudrate_3
 13BE:0069       _SetDataFormat_3
 13D2:000E       _ClearCom_3
 13D4:00AA       _InstallCom_DMA_3
 13D4:0135       _ReadComn_DMA_3
 13D4:01E9       _DataSizeInCom_DMA_3
 13D4:0225       _ClearCom_DMA_3
 13D4:0244       _IsCom_DMA_3
 13D4:0253       _ReadCom_DMA_3
 13FE:000C       _IsCom_3
 1401:0004       _SetXonXoffControlMode_3
 1401:000F       _SetComPortBufferSize_3
 1401:0036       _ClearTxBuffer_3
 1401:0042       _GetTxBufferFreeSize_3
 1401:00C9       _InstallComInputData_3
 1401:00DB       _CheckXonXoff_3
 1401:00F1       _Serial_Isr_3
 1401:02DB       _InstallCom_3
 1401:040C       _RestoreCom_3
 144C:0000       _IsComOutBufEmpty_3
 144C:000D       _ReadCom_3
 1453:000D       _ToComBufn_3
 1468:000D       _SetComTimeout_3
 1468:0018       _ToCom_3
 1472:000D       _IsTxBufEmpty_3
 1472:0015       _WaitTransmitOver_3
 1475:000C       _SetBaudrate_4
 1475:006B       _SetDataFormat_4
 148A:0000       _ClearCom_4
 148B:00AC       _InstallCom_DMA_4
 148B:0137       _ReadComn_DMA_4
 148B:01EB       _DataSizeInCom_DMA_4
 148B:0227       _ClearCom_DMA_4
 148B:0246       _IsCom_DMA_4
 148B:0255       _ReadCom_DMA_4
 14B5:000E       _IsCom_4
 14B8:0006       _SetXonXoffControlMode_4
 14B8:0011       _SetComPortBufferSize_4
 14B8:0038       _ClearTxBuffer_4
 14B8:0044       _GetTxBufferFreeSize_4
 14B8:00CB       _InstallComInputData_4
 14B8:00DD       _CheckXonXoff_4
 14B8:00F3       _Serial_Isr_4
 14B8:02DD       _InstallCom_4
 14B8:040E       _RestoreCom_4
 1503:0002       _IsComOutBufEmpty_4
 1503:000F       _ReadCom_4
 150A:000F       _ToComBufn_4
 151F:000F       _SetComTimeout_4
 151F:001A       _ToCom_4
 1529:000F       _IsTxBufEmpty_4
 1529:0017       _WaitTransmitOver_4
 152C:000E       _SetBaudrate_1
 152C:006B       _SetDataFormat_1
 153B:000C       _ClearCom_1
 1540:0003       _ToComBufn_1
 1554:0002       _IsCom_1
 1555:000D       _IsComOutBufEmpty_1
 1556:000A       _ReadCom_1
 155D:0003       _SetComTimeout_1
 155D:000E       _ToCom_1
 1569:0006       _SetXonXoffControlMode_1
 1569:0011       _SetComPortBufferSize_1
 1569:0039       _ClearTxBuffer_1
 1569:0052       _GetTxBufferFreeSize_1
 1569:0069       _SetComFifoTriggerLevel_1
 1569:00E1       _GetInputBufFreeSize_1
 1569:0153       _InstallComInputData_1
 1569:0165       _CheckXonXoff_1
 1569:017B       _CheckInputBufSize_1
 1569:04FA       _InstallCom_1
 1569:066A       _RestoreCom_1
 15D9:0002       _IsTxBufEmpty_1
 15D9:0010       _WaitTransmitOver_1
 15DC:0007       _SetBaudrate_2
 15DC:0064       _SetDataFormat_2
 15EB:0005       _ClearCom_2
 15ED:0004       _ToComBufn_2
 1600:0005       _IsCom_2
 1602:0000       _IsComOutBufEmpty_2
 1602:000D       _ReadCom_2
 1606:000E       _SetComTimeout
 1606:0019       _ToCom_2
 1612:0003       _SetComPortBufferSize_2
 1612:0014       _ClearTxBuffer_2
 1612:002D       _GetTxBufferFreeSize_2
 1612:0044       _SetComFifoTriggerLevel_2
 1612:00BC       _GetInputBufFreeSize
 1612:0108       _InstallComInputData_2
 1612:02A4       _InstallCom_2
 1612:03EB       _RestoreCom_2
 165A:0003       _IsTxBufEmpty_2
 165A:0011       _WaitTransmitOver_2
 165D:0008       _SetBaudrate_5
 165D:0065       _SetDataFormat_5
 166C:0006       _ClearCom_5
 1670:000D       _IsComOutBufEmpty_5
 1671:000A       _SetXonXoffControlMode_5
 1671:0015       _SetComPortBufferSize_5
 1671:003D       _ClearTxBuffer_5
 1671:0056       _GetTxBufferFreeSize_5
 1671:006D       _SetComFifoTriggerLevel_5
 1671:00E5       _GetInputBufFreeSize_5
 1671:0157       _InstallComInputData_5
 1671:0169       _CheckXonXoff_5
 1671:017F       _CheckInputBufSize_5
 1671:04FE       _InstallCom_5
 1671:066E       _RestoreCom_5
 16E1:0006       _IsTxBufEmpty_5
 16E1:0014       _WaitTransmitOver_5
 16E4:000B       _SetBaudrate_6
 16E4:0068       _SetDataFormat_6
 16F3:0009       _ClearCom_6
 16F8:0000       _IsComOutBufEmpty_6
 16F8:000D       _SetXonXoffControlMode_6
 16F8:0018       _SetComPortBufferSize_6
 16F8:0040       _ClearTxBuffer_6
 16F8:0059       _GetTxBufferFreeSize_6
 16F8:0070       _SetComFifoTriggerLevel_6
 16F8:00E8       _GetInputBufFreeSize_6
 16F8:015A       _InstallComInputData_6
 16F8:016C       _CheckXonXoff_6
 16F8:0182       _CheckInputBufSize_6
 16F8:0501       _InstallCom_6
 16F8:0671       _RestoreCom_6
 1768:0009       _IsTxBufEmpty_6
 1768:0017       _WaitTransmitOver_6
 176B:000E       _SetBaudrate_7
 176B:006B       _SetDataFormat_7
 177A:000C       _ClearCom_7
 177F:0003       _IsComOutBufEmpty_7
 1780:0000       _SetXonXoffControlMode_7
 1780:000B       _SetComPortBufferSize_7
 1780:0033       _ClearTxBuffer_7
 1780:004C       _GetTxBufferFreeSize_7
 1780:0063       _SetComFifoTriggerLevel_7
 1780:00DB       _GetInputBufFreeSize_7
 1780:014D       _InstallComInputData_7
 1780:015F       _CheckXonXoff_7
 1780:0175       _CheckInputBufSize_7
 1780:04F4       _InstallCom_7
 1780:0664       _RestoreCom_7
 17EF:000C       _IsTxBufEmpty_7
 17EF:001A       _WaitTransmitOver_7
 17F3:0001       _ascii_to_hex
 17F7:0001       _SetDio14Dir
 17F7:0050       _SetDio14High
 17F7:005C       _SetDio14Low
 17F7:0068       _GetDio14
 17FE:0206       _GetSerialNumber
 182B:0025       _X607_Init
 182B:0040       _X607_Read
 182B:0081       _X607_Write
 182B:00F9       _X607_ReadFn
 182B:0163       _X607_WriteFn
 1845:2152       e086_Entry
 1845:26E0       e086_Shortcut
 1ABD:0306       e087_Entry
 1ABD:03C6       e087_Shortcut
 1ABD:0430       e087_Trap
 1B1A:0000       DATASEG@
 1B1A:005B       __Int0Vector
 1B1A:005F       __Int4Vector
 1B1A:0063       __Int5Vector
 1B1A:0067       __Int6Vector
 1B1A:006B       __C0argc
 1B1A:006D       __C0argv
 1B1A:0071       __C0environ
 1B1A:0075       __envLng
 1B1A:0077       __envseg
 1B1A:0079       __envSize
 1B1A:007B       __psp
 1B1A:007D       __osversion
 1B1A:007D       __osmajor
 1B1A:007D       __version
 1B1A:007E       __osminor
 1B1A:007F       _errno
 1B1A:0081       __StartTime
 1B1A:0085       ___brklvl
 1B1A:0087       __heapbase
 1B1A:008B       __brklvl
 1B1A:008F       __heaptop
 1B1A:0094       _flag_mode_verif
 1B1A:0096       _size_conf
 1B1A:009E       _etl
 1B1A:00A6       _ind_prm_alm
 1B1A:00AE       _typ_port
 1B1A:00B2       _ind_accum
 1B1A:00B6       _conf_menu
 1B1A:00E6       _main_dyn
 1B1A:011F       _dyn_set
 1B1A:0200       _conf_main
 1B1A:03E3       _main_select
 1B1A:041D       _conf_basic
 1B1A:0520       _conf_select
 1B1A:05C0       _set_archive
 1B1A:05DC       _conf_icp
 1B1A:07D4       _conf_exp
 1B1A:0BD0       _step
 1B1A:0BD2       _page_clear
 1B1A:0BD3       _page_str_pass
 1B1A:0BD4       _OK
 1B1A:0BD5       _count_menu
 1B1A:0BD6       _dot_flow
 1B1A:0BD8       _display_ver_mode
 1B1A:0BDA       _stand_flow
 1B1A:0BDE       _k_compress
 1B1A:0BE2       _temperature
 1B1A:0BE6       _pressure
 1B1A:0BEA       _dif
 1B1A:0BEE       _str_page
 1B1A:0C8E       _str_menu
 1B1A:0CBE       _str_menu1
 1B1A:0CCE       _str_menu2
 1B1A:0CDE       _psw
 1B1A:0CE8       _set_pr
 1B1A:0CEB       _set_st
 1B1A:0CED       _set_dt
 1B1A:0CEF       _set_bd
 1B1A:0D0F       _conf_all
 1B1A:0EA7       _dyn_all
 1B1A:0FC3       _name_mmi_exp
 1B1A:0FDF       _units_all
 1B1A:1063       _name_sel_all
 1B1A:124F       _name_mmi_select
 1B1A:1267       _name_arch
 1B1A:1283       _writeValues
 1B1A:1285       _firstPass
 1B1A:1287       _d_pipe
 1B1A:128B       _d_sens
 1B1A:128F       _nitrogen
 1B1A:1293       _carbon_dioxid
 1B1A:1297       _density
 1B1A:129B       _flagScript
 1B1A:129C       _set_ta
 1B1A:12A4       _err_pnt
 1B1A:12AA       _lnt_mvs
 1B1A:12AE       _name_icp
 1B1A:12B8       _mvs_rd
 1B1A:12BD       _mvs_rdl
 1B1A:12C2       _mvs_wr
 1B1A:12C8       _mvs_cbr
 1B1A:12CE       _mb_page
 1B1A:12DE       _ind_rst
 1B1A:12E2       _exp_size_prm
 1B1A:2D60       _MaxDay
 1B1A:2D78       _TimeTicks
 1B1A:2D7C       _ResetMode
 1B1A:2D80       _IntVect
 1B1A:2D84       _SystemSerialNumber
 1B1A:2D88       ____OsType__
 1B1A:2D8C       _Unit_ms
 1B1A:2D8E       _Unit_ms1
 1B1A:2D90       _Unit_ms2
 1B1A:2D92       _bNeedSetSpeed
 1B1A:2D94       ___BaudDiv__
 1B1A:2D98       __CpuSpeed
 1B1A:2D9A       _STD_PORT
 1B1A:2D9E       _EE_ClockHighLow
 1B1A:2DA2       _EE1_RandomRead
 1B1A:2DA6       _EE1_ReadNext
 1B1A:2DAA       _EE1_MultiRead
 1B1A:2DAE       _EE1_RandomWrite
 1B1A:2DB2       _EE1_MultiWrite
 1B1A:2DB6       _WaitAckCount
 1B1A:2DB8       _EE_Err
 1B1A:2DBA       _bWrite
 1B1A:2DBC       _EepType
 1B1A:2DBE       _EepBlockOffset
 1B1A:2DC0       _EepAddrOffset
 1B1A:2DC2       _ProtectMode
 1B1A:2DC4       _fCheck
 1B1A:2DC6       _StartSector
 1B1A:2DC8       _FlashId
 1B1A:2DCA       _FlashSize
 1B1A:2DCC       _SectorSize256
 1B1A:2DD8       _SectorSize512
 1B1A:2DEC       _TimerCount
 1B1A:2DF0       _UseTimer
 1B1A:2DF2       _OldInt09Isr
 1B1A:2DF6       _OldInt1CIsr
 1B1A:2DFA       _UserTimerFunction
 1B1A:2DFE       _UserTimer1cFunction
 1B1A:2E04       _StopWatchValue
 1B1A:2E24       _StopWatchMode
 1B1A:2E26       _CountDownTimer
 1B1A:2E46       _ClearCom_
 1B1A:2E66       _InstallCom_
 1B1A:2E86       _TriggerLevel
 1B1A:2E94       _WaitTransmitOver_
 1B1A:2EB4       __Modify_Data
 1B1A:2EC4       __Stop2_3
 1B1A:2ECC       _In7188Buf_3
 1B1A:2ED0       _Out7188Buf_3
 1B1A:2ED4       _InBufSize_3
 1B1A:2ED6       _OutBufSize_3
 1B1A:2ED8       _InBeginIdx_3
 1B1A:2EDA       _InEndIdx_3
 1B1A:2EDC       _OutBeginIdx_3
 1B1A:2EDE       _OutEndIdx_3
 1B1A:2EE0       _SizeToXoff_3
 1B1A:2EE2       _SizeToXon_3
 1B1A:2EE4       _ReceiveXoff_3
 1B1A:2EE5       _NeedXoff_3
 1B1A:2EE6       _SendXoff_3
 1B1A:2EE7       _bUseXonXoff_3
 1B1A:2EE8       _err_3
 1B1A:2EE9       _UseDMA_3
 1B1A:2EEB       _OldVectA
 1B1A:2EEF       _ComData7_3
 1B1A:2EF1       _Rcnt_3
 1B1A:2EF5       _LossCnt__3
 1B1A:2EF9       _LossCnt_1_3
 1B1A:2EFD       _LossCnt_2_3
 1B1A:2F01       _status1_3
 1B1A:2F07       _bGetBreak_3
 1B1A:2F0C       __Stop2_4
 1B1A:2F14       _In7188Buf_4
 1B1A:2F18       _Out7188Buf_4
 1B1A:2F1C       _InBufSize_4
 1B1A:2F1E       _OutBufSize_4
 1B1A:2F20       _InBeginIdx_4
 1B1A:2F22       _InEndIdx_4
 1B1A:2F24       _OutBeginIdx_4
 1B1A:2F26       _OutEndIdx_4
 1B1A:2F28       _SizeToXoff_4
 1B1A:2F2A       _SizeToXon_4
 1B1A:2F2C       _ReceiveXoff_4
 1B1A:2F2D       _NeedXoff_4
 1B1A:2F2E       _SendXoff_4
 1B1A:2F2F       _bUseXonXoff_4
 1B1A:2F30       _err_4
 1B1A:2F31       _UseDMA_4
 1B1A:2F33       _OldVectB
 1B1A:2F37       _ComData7_4
 1B1A:2F39       _Rcnt_4
 1B1A:2F3D       _LossCnt_0_4
 1B1A:2F41       _LossCnt_1_4
 1B1A:2F45       _LossCnt_2_4
 1B1A:2F49       _status1_4
 1B1A:2F4F       _bGetBreak_4
 1B1A:2F56       _ComBase_1
 1B1A:2F58       _InInIdx_1
 1B1A:2F5A       _InOutIdx_1
 1B1A:2F5C       _ComErr_1
 1B1A:2F5D       _InData_1
 1B1A:2F61       _OutData_1
 1B1A:2F65       _InBufSize_1
 1B1A:2F67       _OutBufSize_1
 1B1A:2F69       _OutInIdx_1
 1B1A:2F6B       _OutOutIdx_1
 1B1A:2F6D       _fCtsControlMode_1
 1B1A:2F6F       _fRtsControlMode_1
 1B1A:2F71       _CurCTS_1
 1B1A:2F73       _CurRTS_1
 1B1A:2F75       _bCtsChanged_1
 1B1A:2F77       _SizeToXoff_1
 1B1A:2F79       _SizeToXon_1
 1B1A:2F7B       _ReceiveXoff_1
 1B1A:2F7C       _NeedXoff_1
 1B1A:2F7D       _SendXoff_1
 1B1A:2F7E       _bUseXonXoff_1
 1B1A:2F7F       _ComFcr_1
 1B1A:2F80       _DoInputData_1
 1B1A:2F84       _ComInCount_1
 1B1A:2F88       _ComOutCount_1
 1B1A:2F8C       _bGetBreak_1
 1B1A:2F92       _bMsrChanged_1
 1B1A:2F94       _LsrError_1
 1B1A:2F98       _ComBase_2
 1B1A:2F9A       _InInIdx_2
 1B1A:2F9C       _InOutIdx_2
 1B1A:2F9E       _ComErr_2
 1B1A:2F9F       _InData_2
 1B1A:2FA3       _OutData_2
 1B1A:2FA7       _InBufSize_2
 1B1A:2FA9       _OutBufSize_2
 1B1A:2FAB       _OutInIdx_2
 1B1A:2FAD       _OutOutIdx_2
 1B1A:2FAF       _ComFcr_2
 1B1A:2FB0       _DoInputData_2
 1B1A:2FB4       _ComInCount_2
 1B1A:2FB8       _ComOutCount_2
 1B1A:2FBC       _bGetBreak_2
 1B1A:2FC2       _bMsrChanged
 1B1A:2FC4       _LsrError_2
 1B1A:2FC6       _ComBase_5
 1B1A:2FC8       _InInIdx_5
 1B1A:2FCA       _InOutIdx_5
 1B1A:2FCC       _ComErr_5
 1B1A:2FCD       _InData_5
 1B1A:2FD1       _OutData_5
 1B1A:2FD5       _InBufSize_5
 1B1A:2FD7       _OutBufSize_5
 1B1A:2FD9       _OutInIdx_5
 1B1A:2FDB       _OutOutIdx_5
 1B1A:2FDD       _fCtsControlMode_5
 1B1A:2FDF       _fRtsControlMode_5
 1B1A:2FE1       _CurCTS_5
 1B1A:2FE3       _CurRTS_5
 1B1A:2FE5       _bCtsChanged_5
 1B1A:2FE7       _SizeToXoff_5
 1B1A:2FE9       _SizeToXon_5
 1B1A:2FEB       _ReceiveXoff_5
 1B1A:2FEC       _NeedXoff_5
 1B1A:2FED       _SendXoff_5
 1B1A:2FEE       _bUseXonXoff_5
 1B1A:2FEF       _ComFcr_5
 1B1A:2FF0       _DoInputData_5
 1B1A:2FF4       _ComInCount_5
 1B1A:2FF8       _ComOutCount_5
 1B1A:2FFC       _bGetBreak_5
 1B1A:3002       _bMsrChanged_5
 1B1A:3004       _LsrError_5
 1B1A:3006       _ComBase_6
 1B1A:3008       _InInIdx_6
 1B1A:300A       _InOutIdx_6
 1B1A:300C       _ComErr_6
 1B1A:300D       _InData_6
 1B1A:3011       _OutData_6
 1B1A:3015       _InBufSize_6
 1B1A:3017       _OutBufSize_6
 1B1A:3019       _OutInIdx_6
 1B1A:301B       _OutOutIdx_6
 1B1A:301D       _fCtsControlMode_6
 1B1A:301F       _fRtsControlMode_6
 1B1A:3021       _CurCTS_6
 1B1A:3023       _CurRTS_6
 1B1A:3025       _bCtsChanged_6
 1B1A:3027       _SizeToXoff_6
 1B1A:3029       _SizeToXon_6
 1B1A:302B       _ReceiveXoff_6
 1B1A:302C       _NeedXoff_6
 1B1A:302D       _SendXoff_6
 1B1A:302E       _bUseXonXoff_6
 1B1A:302F       _ComFcr_6
 1B1A:3030       _DoInputData_6
 1B1A:3034       _ComInCount_6
 1B1A:3038       _ComOutCount_6
 1B1A:303C       _bGetBreak_6
 1B1A:3042       _bMsrChanged_6
 1B1A:3044       _LsrError_6
 1B1A:3046       _ComBase_7
 1B1A:3048       _InInIdx_7
 1B1A:304A       _InOutIdx_7
 1B1A:304C       _ComErr_7
 1B1A:304D       _InData_7
 1B1A:3051       _OutData_7
 1B1A:3055       _InBufSize_7
 1B1A:3057       _OutBufSize_7
 1B1A:3059       _OutInIdx_7
 1B1A:305B       _OutOutIdx_7
 1B1A:305D       _fCtsControlMode_7
 1B1A:305F       _fRtsControlMode_7
 1B1A:3061       _CurCTS_7
 1B1A:3063       _CurRTS_7
 1B1A:3065       _bCtsChanged_7
 1B1A:3067       _SizeToXoff_7
 1B1A:3069       _SizeToXon_7
 1B1A:306B       _ReceiveXoff_7
 1B1A:306C       _NeedXoff_7
 1B1A:306D       _SendXoff_7
 1B1A:306E       _bUseXonXoff_7
 1B1A:306F       _ComFcr_7
 1B1A:3070       _DoInputData_7
 1B1A:3074       _ComInCount_7
 1B1A:3078       _ComOutCount_7
 1B1A:307C       _bGetBreak_7
 1B1A:3082       _bMsrChanged_7
 1B1A:3084       _LsrError_7
 1B1A:3086       _hex_to_ascii
 1B1A:30B0       __8087
 1B1A:30C0       __protected
 1B1A:30C1       __LDT
 1B1A:30C4       __default87
 1B1A:30C6       __huge_flt
 1B1A:30CA       __huge_dble
 1B1A:30D2       __huge_ldble
 1B1A:30DC       __indefinite
 1B1A:30E0       __tiny_ldble
 1B1A:30EA       __mathwhy
 1B1A:32AA       __atexitcnt
 1B1A:32AC       __ctype
 1B1A:33AE       __exitbuf
 1B1A:33B2       __exitfopen
 1B1A:33B6       __exitopen
 1B1A:33BA       __streams
 1B1A:354A       __nfile
 1B1A:354C       __openfd
 1B1A:3574       __fpstklen
 1B1A:3576       __doserrno
 1B1A:3578       __dosErrorToSV
 1B1A:35D2       __stklen
 1B1A:3676       __RealCvtVector
 1B1A:367A       __ScanTodVector
 1B1A:3698       _proba
 1B1A:36A7       _sec
 1B1A:36A9       _min
 1B1A:36AB       _hour
 1B1A:36AD       _day
 1B1A:36AF       _month
 1B1A:36B1       _year
 1B1A:36B3       _cnt
 1B1A:36BB       _serial_num
 1B1A:36C3       _checksum
 1B1A:36C7       _Real_exp_dyn
 1B1A:36C8       _Max_exp_mmi
 1B1A:36C9       _musor
 1B1A:36CA       _ind_err
 1B1A:36CB       _flg_err
 1B1A:36FD       _err
 1B1A:372F       _icp_wr
 1B1A:3732       _cnt_init
 1B1A:3733       _flg_pool
 1B1A:3734       _icp_pool
 1B1A:3735       _cnt_cbr
 1B1A:3736       _dlt_tm
 1B1A:3737       _avg_old
 1B1A:3738       _flg_arc_clr
 1B1A:3739       _flg_sec
 1B1A:373A       _flg_min
 1B1A:373B       _flg_arc_d
 1B1A:373C       _flg_arc_h
 1B1A:373D       _flg_init_arc
 1B1A:373E       _flg_auto
 1B1A:373F       _flg_month
 1B1A:3740       _icp_lnt
 1B1A:3741       _mmi_pool
 1B1A:3742       _ind_dsp
 1B1A:3743       _typ_pool
 1B1A:3744       _mvs_cmd
 1B1A:3746       _mvs_val
 1B1A:374A       _Script
 1B1A:3767       _Expand
 1B1A:3B67       _Basic
 1B1A:3E27       _Host
 1B1A:3E32       _Config
 1B1A:4046       _Prt
 1B1A:4051       _Device
 1B1A:4142       _Dio
 1B1A:4152       _Aout
 1B1A:41CA       _Ain
 1B1A:4436       _Sensor
 1B1A:4692       _Port
 1B1A:4AA6       _mmi_sel
 1B1A:4AC4       _size_max
 1B1A:4AC5       _mmi_adr
 1B1A:4AC7       _mmi_seg
 1B1A:4AC9       _mmi_arc
 1B1A:4ACB       _flg_modem
 1B1A:4ACC       _count_smb
 1B1A:4ACD       _coord
 1B1A:4AD5       _mmi_val
 1B1A:4ADB       _flg_init
 1B1A:4ADC       _mmi_arc_page
 1B1A:4ADD       _mmi_size
 1B1A:4ADE       _mmi_num_sel
 1B1A:4ADF       _enter_ind
 1B1A:4AE0       _mmi_pass
 1B1A:4AE1       _Horizont
 1B1A:4AE2       _Vertical
 1B1A:4AE3       _Size_str
 1B1A:4AE4       _mmi_str
 1B1A:4B02       _Display
 1B1A:4B16       _Cursor
 1B1A:4B1B       _page_temporary
 1B1A:4B1C       _exp_const
 1B1A:4B6C       _exp_dyn
 1B1A:4C34       _Modbus
 1B1A:4C60       _CurMsr_1
 1B1A:4C62       _CurMsr
 1B1A:4C78       _CurMsr_5
 1B1A:4C84       _CurMsr_6
 1B1A:4C90       _CurMsr_7
 1B1A:4C92       __atexittbl
 1B1A:4D12       ___SignalPtr
 1FEC:0000       __emu

Program entry point at 0000:0000

