
 Start  Stop   Length Name               Class

 00000H 02D2AH 02D2BH _TEXT              CODE
 02D2BH 12B92H 0FE68H GAS_RTU_TEXT       CODE
 12B93H 12BACH 0001AH WDT_TEXT           CODE
 12BADH 12BB8H 0000CH CLOCKH_TEXT        CODE
 12BB9H 12BE5H 0002DH CLOCKHL_TEXT       CODE
 12BE6H 12BF1H 0000CH CLOCKL_TEXT        CODE
 12BF2H 12D6EH 0017DH DS1302_TEXT        CODE
 12D6FH 12DBBH 0004DH GETDATE_TEXT       CODE
 12DBCH 12DEEH 00033H GETTIME_TEXT       CODE
 12DEFH 12E22H 00034H READRAM_TEXT       CODE
 12E23H 12EE1H 000BFH GETT_D_TEXT        CODE
 12EE2H 13056H 00175H SETDATE_TEXT       CODE
 13057H 130E4H 0008EH SETTIME_TEXT       CODE
 130E5H 13112H 0002EH WRITERAM_TEXT      CODE
 13113H 13113H 00000H SYS_VAR_TEXT       CODE
 13113H 131DFH 000CDH INITLIB_TEXT       CODE
 131E0H 1332FH 00150H EEP_BASE_TEXT      CODE
 13330H 13346H 00017H EE_DISWR_TEXT      CODE
 13347H 1334EH 00008H EE_ENWR_TEXT       CODE
 1334FH 133ECH 0009EH EE_MREAD_TEXT      CODE
 133EDH 1345AH 0006EH EE_MWR_TEXT        CODE
 1345BH 1349AH 00040H EE_RDNXT_TEXT      CODE
 1349BH 1350DH 00073H EE_READ_TEXT       CODE
 1350EH 1350EH 00000H EE_VAR_TEXT        CODE
 1350EH 13564H 00057H EE_WR_TEXT         CODE
 13565H 135C6H 00062H FLASHER_TEXT       CODE
 135C7H 13739H 00173H FLASHID_TEXT       CODE
 1373AH 1376BH 00032H FLASHRD_TEXT       CODE
 1376CH 137CBH 00060H FLASHWR_TEXT       CODE
 137CCH 137FFH 00034H DELAY_TEXT         CODE
 13800H 1392AH 0012BH TIMER_TEXT         CODE
 1392BH 13949H 0001FH TIMERD_TEXT        CODE
 1394AH 13959H 00010H TIMERST_TEXT       CODE
 1395AH 139A3H 0004AH BAUDDIV_TEXT       CODE
 139A4H 139BBH 00018H CHKPORT_TEXT       CODE
 139BCH 139E1H 00026H CLRCOM_TEXT        CODE
 139E2H 13A19H 00038H COMINST_TEXT       CODE
 13A1AH 13A1AH 00000H UART_VAR_TEXT      CODE
 13A1AH 13A3FH 00026H WAIT485_TEXT       CODE
 13A40H 13A6DH 0002EH CHG_DATA_TEXT      CODE
 13A6EH 13BB1H 00144H C1_BAUD_TEXT       CODE
 13BB2H 13BCDH 0001CH C1_CLEAR_TEXT      CODE
 13BCEH 13E6FH 002A2H C1_DMA_TEXT        CODE
 13E70H 13E97H 00028H C1_ISCOM_TEXT      CODE
 13E98H 14343H 004ACH C1_ISR_TEXT        CODE
 14344H 14350H 0000DH C1_OE_TEXT         CODE
 14351H 143C0H 00070H C1_READ_TEXT       CODE
 143C1H 14510H 00150H C1_SENDN_TEXT      CODE
 14511H 145B0H 000A0H C1_TOCOM_TEXT      CODE
 145B1H 145DFH 0002FH C1_WAIT_TEXT       CODE
 145E0H 14723H 00144H C2_BAUD_TEXT       CODE
 14724H 1473FH 0001CH C2_CLEAR_TEXT      CODE
 14740H 149E1H 002A2H C2_DMA_TEXT        CODE
 149E2H 14A09H 00028H C2_ISCOM_TEXT      CODE
 14A0AH 14EB5H 004ACH C2_ISR_TEXT        CODE
 14EB6H 14EC2H 0000DH C2_OE_TEXT         CODE
 14EC3H 14F32H 00070H C2_READ_TEXT       CODE
 14F33H 15082H 00150H C2_SENDN_TEXT      CODE
 15083H 15122H 000A0H C2_TOCOM_TEXT      CODE
 15123H 15151H 0002FH C2_WAIT_TEXT       CODE
 15152H 1523FH 000EEH C3_BAUD_TEXT       CODE
 15240H 15286H 00047H C3_CLEAR_TEXT      CODE
 15287H 153C5H 0013FH C3_COMN_TEXT       CODE
 153C6H 153E0H 0001BH C3_ISCOM_TEXT      CODE
 153E1H 153EDH 0000DH C3_OE_TEXT         CODE
 153EEH 15456H 00069H C3_READ_TEXT       CODE
 15457H 15519H 000C3H C3_TOCOM_TEXT      CODE
 1551AH 15C15H 006FCH C3_UART_TEXT       CODE
 15C16H 15C4AH 00035H C3_WAIT_TEXT       CODE
 15C4BH 15D38H 000EEH C4_BAUD_TEXT       CODE
 15D39H 15D57H 0001FH C4_CLEAR_TEXT      CODE
 15D58H 15E88H 00131H C4_COMN_TEXT       CODE
 15E89H 15EA3H 0001BH C4_ISCOM_TEXT      CODE
 15EA4H 15EB0H 0000DH C4_OE_TEXT         CODE
 15EB1H 15EF1H 00041H C4_READ_TEXT       CODE
 15EF2H 15FA6H 000B5H C4_TOCOM_TEXT      CODE
 15FA7H 16426H 00480H C4_UART_TEXT       CODE
 16427H 1645BH 00035H C4_WAIT_TEXT       CODE
 1645CH 16549H 000EEH C5_BAUD_TEXT       CODE
 1654AH 16590H 00047H C5_CLEAR_TEXT      CODE
 16591H 1659DH 0000DH C5_OE_TEXT         CODE
 1659EH 16C99H 006FCH C5_UART_TEXT       CODE
 16C9AH 16CCEH 00035H C5_WAIT_TEXT       CODE
 16CCFH 16DBCH 000EEH C6_BAUD_TEXT       CODE
 16DBDH 16E03H 00047H C6_CLEAR_TEXT      CODE
 16E04H 16E10H 0000DH C6_OE_TEXT         CODE
 16E11H 1750CH 006FCH C6_UART_TEXT       CODE
 1750DH 17541H 00035H C6_WAIT_TEXT       CODE
 17542H 1762FH 000EEH C7_BAUD_TEXT       CODE
 17630H 17676H 00047H C7_CLEAR_TEXT      CODE
 17677H 17683H 0000DH C7_OE_TEXT         CODE
 17684H 17D7FH 006FCH C7_UART_TEXT       CODE
 17D80H 17DB4H 00035H C7_WAIT_TEXT       CODE
 17DB5H 17DF4H 00040H HEXASCII_TEXT      CODE
 17DF5H 17E63H 0006FH PIO14_TEXT         CODE
 17E64H 1813EH 002DBH DS2502_TEXT        CODE
 1813FH 182C8H 0018AH X607_TEXT          CODE
 182D0H 1AA46H 02777H EMU_PROG           CODE
 1AA50H 1B017H 005C8H E87_PROG           CODE
 1B020H 1B020H 00000H _FARDATA           FAR_DATA
 1B020H 1B020H 00000H _FARBSS            FAR_BSS
 1B020H 1B020H 00000H _OVERLAY_          OVRINFO
 1B020H 1B020H 00000H _1STUB_            STUBSEG
 1B020H 1E4A5H 03486H _DATA              DATA
 1E4A6H 1E4A9H 00004H _CVTSEG            DATA
 1E4AAH 1E4B5H 0000CH _SCNSEG            DATA
 1E4B6H 1E4B6H 00000H _CONST             CONST
 1E4B6H 1E4C1H 0000CH _INIT_             INITDATA
 1E4C2H 1E4C2H 00000H _INITEND_          INITDATA
 1E4C2H 1E4C7H 00006H _EXIT_             EXITDATA
 1E4C8H 1E4C8H 00000H _EXITEND_          EXITDATA
 1E4C8H 1FB47H 01680H _BSS               BSS
 1FB48H 1FB48H 00000H _BSSEND            BSSEND
 1FB50H 1FC5FH 00110H _STACK             STACK

  Address         Publics by Name

 1B02:0000       DATASEG@
 0000:0260       DGROUP@
 182D:2152       e086_Entry
 182D:26E0       e086_Shortcut
 1AA5:0306       e087_Entry
 1AA5:03C6       e087_Shortcut
 1AA5:0430       e087_Trap
 131E:002B       EE_BITWRITE
 131E:010B       EE_INITWRITEMODE
 131E:00B7       EE_WRITEBYTE
 0000:FE32  Abs  FIARQQ
 0000:0E32  Abs  FICRQQ
 0000:5C32  Abs  FIDRQQ
 0000:1632  Abs  FIERQQ
 0000:0632  Abs  FISRQQ
 0000:A23D  Abs  FIWRQQ
 0000:4000  Abs  FJARQQ
 0000:C000  Abs  FJCRQQ
 0000:8000  Abs  FJSRQQ
 0000:1561       FTOL@
 0000:1561       F_FTOL@
 0000:029A       F_LDIV@
 0000:02A9       F_LMOD@
 0000:02A1       F_LUDIV@
 0000:02B1       F_LUMOD@
 0000:0348       F_LXLSH@
 0000:0264       F_LXMUL@
 0000:0369       F_LXURSH@
 0000:1650       F_PADD@
 0000:167F       F_PSUB@
 0000:027B       F_SCOPY@
 0000:16B3       F_SPUSH@
 0000:029A       LDIV@
 0000:02A9       LMOD@
 0000:02A1       LUDIV@
 0000:02B1       LUMOD@
 0000:0348       LXLSH@
 0000:0264       LXMUL@
 0000:0369       LXURSH@
 0000:0297       N_LDIV@
 0000:02A6       N_LMOD@
 0000:029E       N_LUDIV@
 0000:02AE       N_LUMOD@
 0000:0345       N_LXLSH@
 0000:0366       N_LXURSH@
 0000:164D       N_PADD@
 0000:17FB       N_PCMP@
 0000:167C       N_PSUB@
 0000:16AD       N_SPUSH@
 0000:1650       PADD@
 0000:167F       PSUB@
 0000:027B       SCOPY@
 0000:16B3       SPUSH@
 0000:0249       _abort
 1B02:3FDA       _Ain
 02D2:12E3       _AnnubarKoeff
 1B02:3F62       _Aout
 17DB:0005       _ascii_to_hex
 0000:158D       _atexit
 0000:05DF       _atof
 02D2:B476       _AverageBasicParam
 02D2:BD39       _AverageExpandParams
 02D2:B967       _AverageMinutExpandParam
 1B02:3547       _avg_old
 1B02:3977       _Basic
 1B02:2D85       _bCtsChanged_1
 1B02:2DF5       _bCtsChanged_5
 1B02:2E35       _bCtsChanged_6
 1B02:2E75       _bCtsChanged_7
 02D2:12CF       _BettaKoeff
 1B02:2D9C       _bGetBreak_1
 1B02:2DCC       _bGetBreak_2
 1B02:2D17       _bGetBreak_3
 1B02:2D5F       _bGetBreak_4
 1B02:2E0C       _bGetBreak_5
 1B02:2E4C       _bGetBreak_6
 1B02:2E8C       _bGetBreak_7
 1B02:2DD2       _bMsrChanged
 1B02:2DA2       _bMsrChanged_1
 1B02:2E12       _bMsrChanged_5
 1B02:2E52       _bMsrChanged_6
 1B02:2E92       _bMsrChanged_7
 1B02:2BA2       _bNeedSetSpeed
 1B02:2D8E       _bUseXonXoff_1
 1B02:2CF7       _bUseXonXoff_3
 1B02:2D3F       _bUseXonXoff_4
 1B02:2DFE       _bUseXonXoff_5
 1B02:2E3E       _bUseXonXoff_6
 1B02:2E7E       _bUseXonXoff_7
 1B02:2BCA       _bWrite
 02D2:435F       _ByteToString
 02D2:2118       _CalcAdiabat
 02D2:044F       _CalcCheckSum
 02D2:02CA       _CalcCRC16
 02D2:01EF       _CalcCRC32
 02D2:8AA7       _CalcCurrent
 02D2:2C80       _CalcDensWork
 02D2:2D57       _CalcFlowMain
 02D2:2B16       _CalcFlowRate
 02D2:2452       _CalcGERG91Koeff
 02D2:0497       _CalcModbusSum
 02D2:13DE       _CalcOrifNewC
 02D2:167B       _CalcOrifNewEgle
 02D2:1789       _CalcOrifNewExpand
 02D2:194E       _CalcOrifNewRougness
 02D2:23FE       _CalcPpk
 02D2:2D16       _CalcReinAnnubar
 02D2:23B5       _CalcSFactor
 02D2:2428       _CalcTpk
 02D2:BBA1       _CalculateMain
 02D2:2CD4       _CalcVelosity
 02D2:2C3D       _CalcViscExt
 02D2:2BA7       _CalcViscosity
 1311:0003       _CheckCpuSpeed
 1551:017F       _CheckInputBufSize_1
 1659:0183       _CheckInputBufSize_5
 16E1:0176       _CheckInputBufSize_6
 1768:0179       _CheckInputBufSize_7
 1B02:34D3       _checksum
 1551:0169       _CheckXonXoff_1
 13E9:00DF       _CheckXonXoff_3
 14A0:00E1       _CheckXonXoff_4
 1659:016D       _CheckXonXoff_5
 16E1:0160       _CheckXonXoff_6
 1768:0163       _CheckXonXoff_7
 139A:0004       _Chk_Port
 02D2:8737       _ClearArchive
 02D2:4160       _ClearBuffer
 139B:000C       _ClearCom
 1B02:2C56       _ClearCom_
 1524:0000       _ClearCom_1
 15D3:0009       _ClearCom_2
 13BB:0002       _ClearCom_3
 1472:0004       _ClearCom_4
 1654:000A       _ClearCom_5
 16DB:000D       _ClearCom_6
 1763:0000       _ClearCom_7
 13BC:0229       _ClearCom_DMA_3
 1474:021B       _ClearCom_DMA_4
 02D2:82B6       _ClearFlashSeg
 1551:003D       _ClearTxBuffer_1
 15FA:0018       _ClearTxBuffer_2
 13E9:003A       _ClearTxBuffer_3
 14A0:003C       _ClearTxBuffer_4
 1659:0041       _ClearTxBuffer_5
 16E1:0034       _ClearTxBuffer_6
 1768:0037       _ClearTxBuffer_7
 12BA:000D       _ClockHigh
 12BB:0009       _ClockHighLow
 12BB:0019       _ClockHighLow_1
 12BE:0006       _ClockLow
 1B02:34C3       _cnt
 1B02:3545       _cnt_cbr
 1B02:3542       _cnt_init
 1B02:2D66       _ComBase_1
 1B02:2DA8       _ComBase_2
 1B02:2DD6       _ComBase_5
 1B02:2E16       _ComBase_6
 1B02:2E56       _ComBase_7
 1B02:2CFF       _ComData7_3
 1B02:2D47       _ComData7_4
 1B02:2D6C       _ComErr_1
 1B02:2DAE       _ComErr_2
 1B02:2DDC       _ComErr_5
 1B02:2E1C       _ComErr_6
 1B02:2E5C       _ComErr_7
 1B02:2D8F       _ComFcr_1
 1B02:2DBF       _ComFcr_2
 1B02:2DFF       _ComFcr_5
 1B02:2E3F       _ComFcr_6
 1B02:2E7F       _ComFcr_7
 1B02:2D94       _ComInCount_1
 1B02:2DC4       _ComInCount_2
 1B02:2E04       _ComInCount_5
 1B02:2E44       _ComInCount_6
 1B02:2E84       _ComInCount_7
 02D2:E15E       _CommunnicLink
 1B02:2D98       _ComOutCount_1
 1B02:2DC8       _ComOutCount_2
 1B02:2E08       _ComOutCount_5
 1B02:2E48       _ComOutCount_6
 1B02:2E88       _ComOutCount_7
 1B02:3C42       _Config
 02D2:47FE       _ConfigParamChange
 02D2:F431       _ConfigSetToMMI
 1B02:0CC1       _conf_all
 1B02:041B       _conf_basic
 1B02:07D2       _conf_exp
 1B02:05DA       _conf_icp
 1B02:01FE       _conf_main
 1B02:00B4       _conf_menu
 1B02:051E       _conf_select
 02D2:45E8       _ConvertToDec
 02D2:0184       _ConvLongToBynare
 02D2:0408       _ConvToBynare
 02D2:0364       _ConvToFloat
 02D2:03A2       _ConvToFloatVerify
 1B02:48DD       _coord
 1B02:2C36       _CountDownTimer
 1B02:0BD3       _count_menu
 1B02:48DC       _count_smb
 1B02:2D81       _CurCTS_1
 1B02:2DF1       _CurCTS_5
 1B02:2E31       _CurCTS_6
 1B02:2E71       _CurCTS_7
 1B02:4A72       _CurMsr
 1B02:4A70       _CurMsr_1
 1B02:4A88       _CurMsr_5
 1B02:4A94       _CurMsr_6
 1B02:4AA0       _CurMsr_7
 1B02:2D83       _CurRTS_1
 1B02:2DF3       _CurRTS_5
 1B02:2E33       _CurRTS_6
 1B02:2E73       _CurRTS_7
 1B02:4926       _Cursor
 02D2:CD26       _DataFromModbus
 13BC:01ED       _DataSizeInCom_DMA_3
 1474:01DF       _DataSizeInCom_DMA_4
 02D2:C5B7       _DataToModbus
 1B02:34BD       _day
 137C:000C       _Delay
 02D2:452C       _DeleteKey
 1B02:3E61       _Device
 02D2:22F8       _DiameterCorrectD
 02D2:223B       _DiameterCorrectP
 1B02:3F52       _Dio
 1B02:4912       _Display
 1B02:3546       _dlt_tm
 1B02:2D90       _DoInputData_1
 1B02:2DC0       _DoInputData_2
 1B02:2E00       _DoInputData_5
 1B02:2E40       _DoInputData_6
 1B02:2E80       _DoInputData_7
 1B02:0E59       _dyn_all
 1B02:011D       _dyn_set
 1B02:2BBA       _EE1_MultiRead
 1B02:2BC2       _EE1_MultiWrite
 1B02:2BB2       _EE1_RandomRead
 1B02:2BBE       _EE1_RandomWrite
 1B02:2BB6       _EE1_ReadNext
 1B02:2BD0       _EepAddrOffset
 1B02:2BCE       _EepBlockOffset
 1B02:2BCC       _EepType
 1B02:2BAE       _EE_ClockHighLow
 1B02:2BC8       _EE_Err
 1334:000F       _EE_MultiRead
 133E:000D       _EE_MultiWrite
 1349:000B       _EE_RandomRead
 1350:000E       _EE_RandomWrite
 131E:0082       _EE_ReadAck
 131E:00DE       _EE_ReadByte
 1345:000B       _EE_ReadNext
 131E:00A0       _EE_SendAck
 131E:004D       _EE_Start
 131E:0070       _EE_Stop
 1334:0007       _EE_WriteEnable
 1333:0000       _EE_WriteProtect
 02D2:456D       _EnterFigure
 02D2:44E6       _EnterKey
 1B02:48EF       _enter_ind
 1B02:350D       _err
 1B02:007F       _errno
 1B02:2CF8       _err_3
 1B02:2D40       _err_4
 1B02:123D       _err_pnt
 1B02:009C       _etl
 02D2:DF01       _ExecuteInitialize
 0000:1612       _exit
 0000:110B       _exp
 1B02:3577       _Expand
 1B02:492C       _exp_const
 1B02:497C       _exp_dyn
 1B02:127B       _exp_size_prm
 0000:05F6       _fabs
 0000:1F1F       _farfree
 0000:2033       _farmalloc
 0000:2197       _farrealloc
 1B02:2BD4       _fCheck
 1B02:2D7D       _fCtsControlMode_1
 1B02:2DED       _fCtsControlMode_5
 1B02:2E2D       _fCtsControlMode_6
 1B02:2E6D       _fCtsControlMode_7
 0000:2380       _fflush
 135C:001D       _FlashCmd
 1356:0005       _FlashErase
 1B02:2BD8       _FlashId
 1373:000A       _FlashReadB
 1373:001A       _FlashReadI
 135C:010A       _FlashReadId
 1373:002A       _FlashReadL
 135C:0036       _FlashResetToReadMode
 1B02:2BDA       _FlashSize
 135C:0007       _FlashUnlock
 1376:000C       _FlashWrite
 1B02:3548       _flg_arc_clr
 1B02:354B       _flg_arc_d
 1B02:354C       _flg_arc_h
 1B02:354E       _flg_auto
 1B02:34DB       _flg_err
 1B02:48EB       _flg_init
 1B02:354D       _flg_init_arc
 1B02:354A       _flg_min
 1B02:48DB       _flg_modem
 1B02:354F       _flg_month
 1B02:3543       _flg_pool
 1B02:3549       _flg_sec
 02D2:417B       _FloatToString
 02D2:05CA       _FloatToText
 0000:1179       _floor
 0000:244D       _flushall
 02D2:38EB       _FormateArchive
 02D2:07C4       _FormateEvent
 0000:248F       _fprintf
 0000:2688       _fputc
 0000:281B       _fputchar
 0000:1F1F       _free
 1B02:2D7F       _fRtsControlMode_1
 1B02:2DEF       _fRtsControlMode_5
 1B02:2E2F       _fRtsControlMode_6
 1B02:2E6F       _fRtsControlMode_7
 0000:252D       _fseek
 0000:25AD       _ftell
 0000:0605       _gcvt
 02D2:D2AD       _GetAllDescript
 02D2:000B       _GetArcPoint
 02D2:462C       _GetArcReadPoint
 12D6:000F       _GetDate
 02D2:840A       _GetDateTime
 17DF:006C       _GetDio14
 15FA:00C0       _GetInputBufFreeSize
 1551:00E5       _GetInputBufFreeSize_1
 1659:00E9       _GetInputBufFreeSize_5
 16E1:00DC       _GetInputBufFreeSize_6
 1768:00DF       _GetInputBufFreeSize_7
 02D2:DBC6       _GetModuleAin
 02D2:DE92       _GetModuleDio
 17E6:020A       _GetSerialNumber
 12DB:000C       _GetTime
 12E2:0003       _GetTimeDate
 1551:0056       _GetTxBufferFreeSize_1
 15FA:0031       _GetTxBufferFreeSize_2
 13E9:0046       _GetTxBufferFreeSize_3
 14A0:0048       _GetTxBufferFreeSize_4
 1659:005A       _GetTxBufferFreeSize_5
 16E1:004D       _GetTxBufferFreeSize_6
 1768:0050       _GetTxBufferFreeSize_7
 02D2:C54F       _GetValuesScale
 12D6:0041       _GetWeekDay
 02D2:3D5C       _GoToMenuMMI
 1B02:2E96       _hex_to_ascii
 1B02:48F1       _Horizont
 1B02:3C37       _Host
 1B02:34BB       _hour
 1B02:3550       _icp_lnt
 1B02:3544       _icp_pool
 1B02:353F       _icp_wr
 1B02:2CDC       _In7188Buf_3
 1B02:2D24       _In7188Buf_4
 1B02:2CE8       _InBeginIdx_3
 1B02:2D30       _InBeginIdx_4
 1B02:2D75       _InBufSize_1
 1B02:2DB7       _InBufSize_2
 1B02:2CE4       _InBufSize_3
 1B02:2D2C       _InBufSize_4
 1B02:2DE5       _InBufSize_5
 1B02:2E25       _InBufSize_6
 1B02:2E65       _InBufSize_7
 1B02:2D6D       _InData_1
 1B02:2DAF       _InData_2
 1B02:2DDD       _InData_5
 1B02:2E1D       _InData_6
 1B02:2E5D       _InData_7
 1B02:00B0       _ind_accum
 1B02:3552       _ind_dsp
 1B02:34DA       _ind_err
 1B02:00A4       _ind_prm_alm
 1B02:1277       _ind_rst
 1B02:2CEA       _InEndIdx_3
 1B02:2D32       _InEndIdx_4
 1B02:2D68       _InInIdx_1
 1B02:2DAA       _InInIdx_2
 1B02:2DD8       _InInIdx_5
 1B02:2E18       _InInIdx_6
 1B02:2E58       _InInIdx_7
 02D2:1142       _InitArchive
 02D2:0E46       _InitBasicStruct
 02D2:9AEC       _InitializeMain
 1311:00BE       _InitLib
 02D2:8906       _InitModem
 02D2:8B93       _InitModuleOutStruct
 02D2:8954       _InitModuleStruct
 02D2:0B0F       _InitStationStruct
 1B02:2D6A       _InOutIdx_1
 1B02:2DAC       _InOutIdx_2
 1B02:2DDA       _InOutIdx_5
 1B02:2E1A       _InOutIdx_6
 1B02:2E5A       _InOutIdx_7
 139E:0002       _InstallCom
 1551:0157       _InstallComInputData_1
 15FA:010C       _InstallComInputData_2
 13E9:00CD       _InstallComInputData_3
 14A0:00CF       _InstallComInputData_4
 1659:015B       _InstallComInputData_5
 16E1:014E       _InstallComInputData_6
 1768:0151       _InstallComInputData_7
 1B02:2C76       _InstallCom_
 1551:04FE       _InstallCom_1
 15FA:02A8       _InstallCom_2
 13E9:02DF       _InstallCom_3
 14A0:02E1       _InstallCom_4
 1659:0502       _InstallCom_5
 16E1:04F5       _InstallCom_6
 1768:04F8       _InstallCom_7
 13BC:00AE       _InstallCom_DMA_3
 1474:00A0       _InstallCom_DMA_4
 1380:0036       _Int1CIsr
 1380:0001       _Int9Isr
 02D2:443D       _IntegerToString
 1B02:2B90       _IntVect
 0000:171F       _isatty
 153E:0001       _IsComOutBufEmpty_1
 15EA:0004       _IsComOutBufEmpty_2
 1434:0004       _IsComOutBufEmpty_3
 14EB:0006       _IsComOutBufEmpty_4
 1659:0001       _IsComOutBufEmpty_5
 16E0:0004       _IsComOutBufEmpty_6
 1767:0007       _IsComOutBufEmpty_7
 153C:0006       _IsCom_1
 15E8:0009       _IsCom_2
 13E7:0000       _IsCom_3
 149E:0002       _IsCom_4
 13BC:0248       _IsCom_DMA_3
 1474:023A       _IsCom_DMA_4
 12EE:0002       _IsLeapYear
 15C1:0006       _IsTxBufEmpty_1
 1642:0007       _IsTxBufEmpty_2
 145B:0001       _IsTxBufEmpty_3
 1512:0003       _IsTxBufEmpty_4
 16C9:000A       _IsTxBufEmpty_5
 1750:000D       _IsTxBufEmpty_6
 17D8:0000       _IsTxBufEmpty_7
 02D2:40FE       _KeyFound
 1B02:1243       _lnt_mvs
 0000:143C       _log
 0000:1193       _log10
 1395:000A       _LongDiv
 1B02:2D4D       _LossCnt_0_4
 1B02:2D09       _LossCnt_1_3
 1B02:2D51       _LossCnt_1_4
 1B02:2D0D       _LossCnt_2_3
 1B02:2D55       _LossCnt_2_4
 1B02:2D05       _LossCnt__3
 0000:17D2       _lseek
 1B02:2DA4       _LsrError_1
 1B02:2DD4       _LsrError_2
 1B02:2E14       _LsrError_5
 1B02:2E54       _LsrError_6
 1B02:2E94       _LsrError_7
 02D2:676E       _main
 1B02:00E4       _main_dyn
 1B02:03E1       _main_select
 0000:2029       _malloc
 0000:109F       _matherr
 1B02:2B70       _MaxDay
 1B02:34D8       _Max_exp_mmi
 1B02:1267       _mb_page
 0000:2605       _memcpy
 0000:264D       _memset
 1B02:34B9       _min
 1B02:48D5       _mmi_adr
 1B02:48D9       _mmi_arc
 1B02:48EC       _mmi_arc_page
 1B02:48EE       _mmi_num_sel
 1B02:48F0       _mmi_pass
 1B02:3551       _mmi_pool
 1B02:48D7       _mmi_seg
 1B02:48B6       _mmi_sel
 1B02:48ED       _mmi_size
 1B02:48F4       _mmi_str
 1B02:48E5       _mmi_val
 1B02:4A44       _Modbus
 02D2:CF8C       _ModbusHost
 02D2:CA38       _ModbusSlave
 0000:120F       _modf
 1B02:34BF       _month
 02D2:46C2       _MoveCursorMMI
 02D2:48E5       _MoveListMMI
 1B02:34D9       _musor
 1B02:1261       _mvs_cbr
 1B02:3554       _mvs_cmd
 1B02:1251       _mvs_rd
 1B02:1256       _mvs_rdl
 1B02:3556       _mvs_val
 1B02:125B       _mvs_wr
 02D2:77CE       _MyTimer
 1B02:1219       _name_arch
 1B02:1247       _name_icp
 1B02:0F75       _name_mmi_exp
 1B02:1201       _name_mmi_select
 1B02:1015       _name_sel_all
 1B02:2D8C       _NeedXoff_1
 1B02:2CF5       _NeedXoff_3
 1B02:2D3D       _NeedXoff_4
 1B02:2DFC       _NeedXoff_5
 1B02:2E3C       _NeedXoff_6
 1B02:2E7C       _NeedXoff_7
 1B02:0BD2       _OK
 1B02:2C02       _OldInt09Isr
 1B02:2C06       _OldInt1CIsr
 1B02:2CFB       _OldVectA
 1B02:2D43       _OldVectB
 1B02:2CE0       _Out7188Buf_3
 1B02:2D28       _Out7188Buf_4
 1B02:2CEC       _OutBeginIdx_3
 1B02:2D34       _OutBeginIdx_4
 1B02:2D77       _OutBufSize_1
 1B02:2DB9       _OutBufSize_2
 1B02:2CE6       _OutBufSize_3
 1B02:2D2E       _OutBufSize_4
 1B02:2DE7       _OutBufSize_5
 1B02:2E27       _OutBufSize_6
 1B02:2E67       _OutBufSize_7
 1B02:2D71       _OutData_1
 1B02:2DB3       _OutData_2
 1B02:2DE1       _OutData_5
 1B02:2E21       _OutData_6
 1B02:2E61       _OutData_7
 1B02:2CEE       _OutEndIdx_3
 1B02:2D36       _OutEndIdx_4
 1B02:2D79       _OutInIdx_1
 1B02:2DBB       _OutInIdx_2
 1B02:2DE9       _OutInIdx_5
 1B02:2E29       _OutInIdx_6
 1B02:2E69       _OutInIdx_7
 1B02:2D7B       _OutOutIdx_1
 1B02:2DBD       _OutOutIdx_2
 1B02:2DEB       _OutOutIdx_5
 1B02:2E2B       _OutOutIdx_6
 1B02:2E6B       _OutOutIdx_7
 1B02:0BD0       _page_clear
 02D2:3CFA       _page_screen
 1B02:0BD1       _page_str_pass
 1B02:492B       _page_temporary
 1B02:44A2       _Port
 0000:12AF       _pow
 0000:1094       _pow10
 1B02:34A8       _proba
 1B02:2BD2       _ProtectMode
 1B02:3E56       _Prt
 1B02:0C90       _psw
 1B02:2D01       _Rcnt_3
 1B02:2D49       _Rcnt_4
 02D2:E09B       _ReadCodeScript
 13BC:0139       _ReadComn_DMA_3
 1474:012B       _ReadComn_DMA_4
 153E:000E       _ReadCom_1
 15EB:0001       _ReadCom_2
 1435:0001       _ReadCom_3
 14EC:0003       _ReadCom_4
 13BC:0257       _ReadCom_DMA_3
 1474:0249       _ReadCom_DMA_4
 02D2:C323       _ReadConfigModbus
 02D2:BE1A       _ReadFromArchive
 02D2:C100       _ReadFromEvents
 02D2:AD06       _ReadFromICP
 02D2:C004       _ReadFromMinArch
 02D2:4A58       _ReadFromMMI
 02D2:A9CE       _ReadFromMVS
 12DE:000F       _ReadNVRAM
 12BF:006D       _ReadRTC
 12BF:00E9       _ReadRTC_Burst
 0000:2190       _realloc
 1B02:34D7       _Real_exp_dyn
 1B02:2D8B       _ReceiveXoff_1
 1B02:2CF4       _ReceiveXoff_3
 1B02:2D3C       _ReceiveXoff_4
 1B02:2DFB       _ReceiveXoff_5
 1B02:2E3B       _ReceiveXoff_6
 1B02:2E7B       _ReceiveXoff_7
 12B9:0003       _RefreshWDT
 02D2:C47B       _ReinstallPort
 1B02:2B8C       _ResetMode
 02D2:8CE7       _RestoreBasicParameters
 1551:066E       _RestoreCom_1
 15FA:03EF       _RestoreCom_2
 13E9:0410       _RestoreCom_3
 14A0:0412       _RestoreCom_4
 1659:0672       _RestoreCom_5
 16E1:0665       _RestoreCom_6
 1768:0668       _RestoreCom_7
 02D2:8F21       _RestoreExpandParameters
 02D2:9243       _RestoreSetAlarmsAIN
 02D2:90CF       _RestoreSetAlarmsMVS
 02D2:47A9       _ReturnToMenuMMI
 02D2:17EA       _RoundFloat
 02D2:1878       _RoundToTwo
 02D2:FD3B       _SaveExpParams
 02D2:3D44       _SaveOldPageMMI
 02D2:FC2F       _SaveParameters
 1B02:355A       _Script
 02D2:7B46       _ScriptArgumentSelect
 02D2:7DBD       _ScriptOperateExecution
 1B02:34B7       _sec
 1B02:2BDC       _SectorSize256
 1B02:2BE8       _SectorSize512
 02D2:B32F       _SelectSensor
 02D2:D155       _SendModbus
 02D2:A399       _SendToICP
 02D2:3D96       _SendToMMI
 02D2:A0AC       _SendToMVS
 1B02:2D8D       _SendXoff_1
 1B02:2CF6       _SendXoff_3
 1B02:2D3E       _SendXoff_4
 1B02:2DFD       _SendXoff_5
 1B02:2E3D       _SendXoff_6
 1B02:2E7D       _SendXoff_7
 1B02:4246       _Sensor
 13E9:00F5       _Serial_Isr_3
 14A0:00F7       _Serial_Isr_4
 1B02:34CB       _serial_num
 1515:0002       _SetBaudrate_1
 15C4:000B       _SetBaudrate_2
 13A6:000E       _SetBaudrate_3
 145E:0000       _SetBaudrate_4
 1645:000C       _SetBaudrate_5
 16CC:000F       _SetBaudrate_6
 1754:0002       _SetBaudrate_7
 0000:2364       _setblock
 02D2:0A1C       _SetClearAlarms
 02D2:9A5E       _SetClearAlarmsAIN
 02D2:96CF       _SetClearAlarmsMVS
 02D2:0817       _SetClearAlarmsPrm
 02D2:9793       _SetClearAlarmsPrmAIN
 1551:006D       _SetComFifoTriggerLevel_1
 15FA:0048       _SetComFifoTriggerLevel_2
 1659:0071       _SetComFifoTriggerLevel_5
 16E1:0064       _SetComFifoTriggerLevel_6
 1768:0067       _SetComFifoTriggerLevel_7
 1551:0015       _SetComPortBufferSize_1
 15FA:0007       _SetComPortBufferSize_2
 13E9:0013       _SetComPortBufferSize_3
 14A0:0015       _SetComPortBufferSize_4
 1659:0019       _SetComPortBufferSize_5
 16E1:000C       _SetComPortBufferSize_6
 1768:000F       _SetComPortBufferSize_7
 15EF:0002       _SetComTimeout
 1545:0007       _SetComTimeout_1
 1451:0001       _SetComTimeout_3
 1508:0003       _SetComTimeout_4
 1515:005F       _SetDataFormat_1
 15C4:0068       _SetDataFormat_2
 13A6:006D       _SetDataFormat_3
 145E:005F       _SetDataFormat_4
 1645:0069       _SetDataFormat_5
 16CC:006C       _SetDataFormat_6
 1754:005F       _SetDataFormat_7
 12EE:003E       _SetDate
 17DF:0005       _SetDio14Dir
 17DF:0054       _SetDio14High
 17DF:0060       _SetDio14Low
 02D2:3D2F       _SetDisplayPage
 02D2:847F       _SetExpandDescript
 0000:2629       _setmem
 02D2:779B       _SetStatusModbus
 1305:0007       _SetTime
 0000:2A2E       _setvbuf
 12EE:0158       _SetWeekDay
 1551:000A       _SetXonXoffControlMode_1
 13E9:0008       _SetXonXoffControlMode_3
 14A0:000A       _SetXonXoffControlMode_4
 1659:000E       _SetXonXoffControlMode_5
 16E1:0001       _SetXonXoffControlMode_6
 1768:0004       _SetXonXoffControlMode_7
 1B02:05BE       _set_archive
 1B02:0CA1       _set_bd
 1B02:0C9F       _set_dt
 1B02:0C9A       _set_pr
 1B02:0C9D       _set_st
 1B02:1235       _set_ta
 131E:014F       _ShowEEP_setting
 1B02:2D87       _SizeToXoff_1
 1B02:2CF0       _SizeToXoff_3
 1B02:2D38       _SizeToXoff_4
 1B02:2DF7       _SizeToXoff_5
 1B02:2E37       _SizeToXoff_6
 1B02:2E77       _SizeToXoff_7
 1B02:2D89       _SizeToXon_1
 1B02:2CF2       _SizeToXon_3
 1B02:2D3A       _SizeToXon_4
 1B02:2DF9       _SizeToXon_5
 1B02:2E39       _SizeToXon_6
 1B02:2E79       _SizeToXon_7
 1B02:0094       _size_conf
 1B02:48D4       _size_max
 1B02:48F3       _Size_str
 0000:10C9       _sqrt
 1B02:2BD6       _StartSector
 1B02:2D11       _status1_3
 1B02:2D59       _status1_4
 1B02:2BAA       _STD_PORT
 1B02:0BCE       _step
 1B02:2C34       _StopWatchMode
 1B02:2C14       _StopWatchValue
 0000:2B49       _strlen
 0000:0CE0       _strtod
 1B02:0C44       _str_menu
 1B02:0C70       _str_menu1
 1B02:0C80       _str_menu2
 1B02:0BD4       _str_page
 1B02:2B94       _SystemSerialNumber
 0000:18D2       _tell
 02D2:04D6       _TextToFloat
 1380:00E4       _Timer
 1380:00AF       _TimerClose
 1B02:2BFC       _TimerCount
 1380:0052       _TimerOpen
 1392:000B       _TimerReadValue
 1394:000A       _TimerResetValue
 1B02:2B88       _TimeTicks
 1528:0007       _ToComBufn_1
 15D5:0008       _ToComBufn_2
 143C:0001       _ToComBufn_3
 14F3:0003       _ToComBufn_4
 1545:0012       _ToCom_1
 15EF:000D       _ToCom_2
 1451:000C       _ToCom_3
 1508:000E       _ToCom_4
 02D2:A093       _TransmitToSensor
 1B02:2C96       _TriggerLevel
 1B02:3553       _typ_pool
 1B02:00AC       _typ_port
 1B02:0F91       _units_all
 1B02:2B9C       _Unit_ms
 1B02:2B9E       _Unit_ms1
 1B02:2BA0       _Unit_ms2
 1B02:2CF9       _UseDMA_3
 1B02:2D41       _UseDMA_4
 1B02:2C0E       _UserTimer1cFunction
 1B02:2C0A       _UserTimerFunction
 1B02:2C00       _UseTimer
 1380:0000       _Utimer
 02D2:122E       _VerifyAnnubar
 02D2:FE06       _VerifySum
 1B02:48F2       _Vertical
 02D2:4612       _ViewCursor
 02D2:C24C       _ViewError
 02D2:F58A       _ViewParamToMMI
 1B02:2BC6       _WaitAckCount
 135C:0046       _WaitFlashCommandEnd
 13A1:000A       _WaitTransmitOver
 1B02:2CA4       _WaitTransmitOver_
 15C1:0014       _WaitTransmitOver_1
 1642:0015       _WaitTransmitOver_2
 145B:0009       _WaitTransmitOver_3
 1512:000B       _WaitTransmitOver_4
 16C9:0018       _WaitTransmitOver_5
 1750:001B       _WaitTransmitOver_6
 17D8:000E       _WaitTransmitOver_7
 02D2:938D       _WriteAlarmsSetup
 02D2:8778       _WriteArchive
 02D2:DFC0       _WriteCodeScript
 02D2:C3E6       _WriteConfigModbus
 02D2:D9F9       _WriteConfigParam
 02D2:00A0       _WriteEvent
 02D2:0167       _WriteEventFlash
 02D2:4994       _WriteMenuToMMI
 130E:0005       _WriteNVRAM
 12BF:00C3       _WriteRTC
 12BF:014E       _WriteRTC_Burst
 1813:0029       _X607_Init
 1813:0044       _X607_Read
 1813:00FD       _X607_ReadFn
 1813:0085       _X607_Write
 1813:0167       _X607_WriteFn
 02D2:21DD       _YaKoeff
 1B02:34C1       _year
 1B02:2EC0       __8087
 0000:1000  Abs  __AHINCR
 0000:000C  Abs  __AHSHIFT
 1B02:30BA       __atexitcnt
 1B02:4AA2       __atexittbl
 0000:2287       __brk
 1B02:008B       __brklvl
 1B02:006B       __C0argc
 1B02:006D       __C0argv
 1B02:0071       __C0environ
 0000:1633       __cexit
 0000:0167       __checknull
 0000:0154       __cleanup
 1B02:2BA8       __CpuSpeed
 1B02:30BC       __ctype
 0000:0000  Abs  __cvtfak
 0000:1641       __c_exit
 1B02:2ED4       __default87
 1B02:3386       __doserrno
 0000:170D       __DOSERROR
 1B02:3388       __dosErrorToSV
 1FB5:0000       __emu
 1B02:0075       __envLng
 1B02:0077       __envseg
 1B02:0079       __envSize
 0000:1621       __exit
 1B02:31BE       __exitbuf
 1B02:31C2       __exitfopen
 1B02:31C6       __exitopen
 0000:1242       __EXPL
 0000:8087  Abs  __floatconvert
 0000:0F1C       __fperror
 1B02:3384       __fpstklen
 0000:05DB       __fpuint
 0000:266C       __fputc
 0000:282F       __FPUTN
 1B02:0087       __heapbase
 1B02:008F       __heaptop
 1B02:2EDA       __huge_dble
 1B02:2ED6       __huge_flt
 1B02:2EE2       __huge_ldble
 1B02:2EEC       __indefinite
 1B02:005B       __Int0Vector
 1B02:005F       __Int4Vector
 1B02:0063       __Int5Vector
 1B02:0067       __Int6Vector
 0000:16D4       __IOERROR
 1B02:2ED1       __LDT
 0000:062B       __LDTRUNC
 0000:1730       __LONGTOA
 0000:14B8       __matherr
 1B02:2EFA       __mathwhy
 0000:0262       __MMODEL
 1B02:2CC4       __Modify_Data
 1B02:335A       __nfile
 1B02:335C       __openfd
 1B02:007D       __osmajor
 1B02:007E       __osminor
 1B02:007D       __osversion
 0000:0FCB       __POW10
 1B02:2ED0       __protected
 1B02:007B       __psp
 0000:2354       __REALCVT
 1B02:3486       __RealCvtVector
 0000:01BD       __restorezero
 0000:0882       __ROUND
 0000:22C6       __sbrk
 0000:2360       __scanpop
 0000:235C       __scanrslt
 0000:2358       __scantod
 1B02:348A       __ScanTodVector
 0000:181C       __setupio
 1B02:0081       __StartTime
 1B02:33E2       __stklen
 1B02:2CD4       __Stop2_3
 1B02:2D1C       __Stop2_4
 1B02:31CA       __streams
 0000:0C74       __strtold
 0000:0168       __terminate
 1B02:2EF0       __tiny_ldble
 0000:0000  Abs  __turboCvt
 0000:8087  Abs  __turboFloat
 0000:17B2       __UTOA
 1B02:007D       __version
 0000:1902       __VPRINTER
 0000:2CB7       __write
 0000:0D14       __XCVT
 0000:2CF3       __xfflush
 1B02:2BA4       ___BaudDiv__
 1B02:0085       ___brklvl
 0000:1DDF       ___first
 0000:04F4       ___fpreset
 0000:1DE1       ___last
 0000:1DE3       ___rover
 1B02:4B22       ___SignalPtr
 0000:2B68       ___write
 1B02:2B98       ____OsType__

  Address         Publics by Value

 0000:0000  Abs  __turboCvt
 0000:0000  Abs  __cvtfak
 0000:000C  Abs  __AHSHIFT
 0000:0632  Abs  FISRQQ
 0000:0E32  Abs  FICRQQ
 0000:1000  Abs  __AHINCR
 0000:1632  Abs  FIERQQ
 0000:4000  Abs  FJARQQ
 0000:5C32  Abs  FIDRQQ
 0000:8000  Abs  FJSRQQ
 0000:8087  Abs  __turboFloat
 0000:8087  Abs  __floatconvert
 0000:A23D  Abs  FIWRQQ
 0000:C000  Abs  FJCRQQ
 0000:FE32  Abs  FIARQQ
 0000:0154       __cleanup
 0000:0167       __checknull
 0000:0168       __terminate
 0000:01BD       __restorezero
 0000:0249       _abort
 0000:0260       DGROUP@
 0000:0262       __MMODEL
 0000:0264       F_LXMUL@
 0000:0264       LXMUL@
 0000:027B       F_SCOPY@
 0000:027B       SCOPY@
 0000:0297       N_LDIV@
 0000:029A       F_LDIV@
 0000:029A       LDIV@
 0000:029E       N_LUDIV@
 0000:02A1       F_LUDIV@
 0000:02A1       LUDIV@
 0000:02A6       N_LMOD@
 0000:02A9       F_LMOD@
 0000:02A9       LMOD@
 0000:02AE       N_LUMOD@
 0000:02B1       LUMOD@
 0000:02B1       F_LUMOD@
 0000:0345       N_LXLSH@
 0000:0348       LXLSH@
 0000:0348       F_LXLSH@
 0000:0366       N_LXURSH@
 0000:0369       LXURSH@
 0000:0369       F_LXURSH@
 0000:04F4       ___fpreset
 0000:05DB       __fpuint
 0000:05DF       _atof
 0000:05F6       _fabs
 0000:0605       _gcvt
 0000:062B       __LDTRUNC
 0000:0882       __ROUND
 0000:0C74       __strtold
 0000:0CE0       _strtod
 0000:0D14       __XCVT
 0000:0F1C       __fperror
 0000:0FCB       __POW10
 0000:1094       _pow10
 0000:109F       _matherr
 0000:10C9       _sqrt
 0000:110B       _exp
 0000:1179       _floor
 0000:1193       _log10
 0000:120F       _modf
 0000:1242       __EXPL
 0000:12AF       _pow
 0000:143C       _log
 0000:14B8       __matherr
 0000:1561       F_FTOL@
 0000:1561       FTOL@
 0000:158D       _atexit
 0000:1612       _exit
 0000:1621       __exit
 0000:1633       __cexit
 0000:1641       __c_exit
 0000:164D       N_PADD@
 0000:1650       F_PADD@
 0000:1650       PADD@
 0000:167C       N_PSUB@
 0000:167F       F_PSUB@
 0000:167F       PSUB@
 0000:16AD       N_SPUSH@
 0000:16B3       F_SPUSH@
 0000:16B3       SPUSH@
 0000:16D4       __IOERROR
 0000:170D       __DOSERROR
 0000:171F       _isatty
 0000:1730       __LONGTOA
 0000:17B2       __UTOA
 0000:17D2       _lseek
 0000:17FB       N_PCMP@
 0000:181C       __setupio
 0000:18D2       _tell
 0000:1902       __VPRINTER
 0000:1DDF       ___first
 0000:1DE1       ___last
 0000:1DE3       ___rover
 0000:1F1F       _free
 0000:1F1F       _farfree
 0000:2029       _malloc
 0000:2033       _farmalloc
 0000:2190       _realloc
 0000:2197       _farrealloc
 0000:2287       __brk
 0000:22C6       __sbrk
 0000:2354       __REALCVT
 0000:2358       __scantod
 0000:235C       __scanrslt
 0000:2360       __scanpop
 0000:2364       _setblock
 0000:2380       _fflush
 0000:244D       _flushall
 0000:248F       _fprintf
 0000:252D       _fseek
 0000:25AD       _ftell
 0000:2605       _memcpy
 0000:2629       _setmem
 0000:264D       _memset
 0000:266C       __fputc
 0000:2688       _fputc
 0000:281B       _fputchar
 0000:282F       __FPUTN
 0000:2A2E       _setvbuf
 0000:2B49       _strlen
 0000:2B68       ___write
 0000:2CB7       __write
 0000:2CF3       __xfflush
 02D2:000B       _GetArcPoint
 02D2:00A0       _WriteEvent
 02D2:0167       _WriteEventFlash
 02D2:0184       _ConvLongToBynare
 02D2:01EF       _CalcCRC32
 02D2:02CA       _CalcCRC16
 02D2:0364       _ConvToFloat
 02D2:03A2       _ConvToFloatVerify
 02D2:0408       _ConvToBynare
 02D2:044F       _CalcCheckSum
 02D2:0497       _CalcModbusSum
 02D2:04D6       _TextToFloat
 02D2:05CA       _FloatToText
 02D2:07C4       _FormateEvent
 02D2:0817       _SetClearAlarmsPrm
 02D2:0A1C       _SetClearAlarms
 02D2:0B0F       _InitStationStruct
 02D2:0E46       _InitBasicStruct
 02D2:1142       _InitArchive
 02D2:122E       _VerifyAnnubar
 02D2:12CF       _BettaKoeff
 02D2:12E3       _AnnubarKoeff
 02D2:13DE       _CalcOrifNewC
 02D2:167B       _CalcOrifNewEgle
 02D2:1789       _CalcOrifNewExpand
 02D2:17EA       _RoundFloat
 02D2:1878       _RoundToTwo
 02D2:194E       _CalcOrifNewRougness
 02D2:2118       _CalcAdiabat
 02D2:21DD       _YaKoeff
 02D2:223B       _DiameterCorrectP
 02D2:22F8       _DiameterCorrectD
 02D2:23B5       _CalcSFactor
 02D2:23FE       _CalcPpk
 02D2:2428       _CalcTpk
 02D2:2452       _CalcGERG91Koeff
 02D2:2B16       _CalcFlowRate
 02D2:2BA7       _CalcViscosity
 02D2:2C3D       _CalcViscExt
 02D2:2C80       _CalcDensWork
 02D2:2CD4       _CalcVelosity
 02D2:2D16       _CalcReinAnnubar
 02D2:2D57       _CalcFlowMain
 02D2:38EB       _FormateArchive
 02D2:3CFA       _page_screen
 02D2:3D2F       _SetDisplayPage
 02D2:3D44       _SaveOldPageMMI
 02D2:3D5C       _GoToMenuMMI
 02D2:3D96       _SendToMMI
 02D2:40FE       _KeyFound
 02D2:4160       _ClearBuffer
 02D2:417B       _FloatToString
 02D2:435F       _ByteToString
 02D2:443D       _IntegerToString
 02D2:44E6       _EnterKey
 02D2:452C       _DeleteKey
 02D2:456D       _EnterFigure
 02D2:45E8       _ConvertToDec
 02D2:4612       _ViewCursor
 02D2:462C       _GetArcReadPoint
 02D2:46C2       _MoveCursorMMI
 02D2:47A9       _ReturnToMenuMMI
 02D2:47FE       _ConfigParamChange
 02D2:48E5       _MoveListMMI
 02D2:4994       _WriteMenuToMMI
 02D2:4A58       _ReadFromMMI
 02D2:676E       _main
 02D2:779B       _SetStatusModbus
 02D2:77CE       _MyTimer
 02D2:7B46       _ScriptArgumentSelect
 02D2:7DBD       _ScriptOperateExecution
 02D2:82B6       _ClearFlashSeg
 02D2:840A       _GetDateTime
 02D2:847F       _SetExpandDescript
 02D2:8737       _ClearArchive
 02D2:8778       _WriteArchive
 02D2:8906       _InitModem
 02D2:8954       _InitModuleStruct
 02D2:8AA7       _CalcCurrent
 02D2:8B93       _InitModuleOutStruct
 02D2:8CE7       _RestoreBasicParameters
 02D2:8F21       _RestoreExpandParameters
 02D2:90CF       _RestoreSetAlarmsMVS
 02D2:9243       _RestoreSetAlarmsAIN
 02D2:938D       _WriteAlarmsSetup
 02D2:96CF       _SetClearAlarmsMVS
 02D2:9793       _SetClearAlarmsPrmAIN
 02D2:9A5E       _SetClearAlarmsAIN
 02D2:9AEC       _InitializeMain
 02D2:A093       _TransmitToSensor
 02D2:A0AC       _SendToMVS
 02D2:A399       _SendToICP
 02D2:A9CE       _ReadFromMVS
 02D2:AD06       _ReadFromICP
 02D2:B32F       _SelectSensor
 02D2:B476       _AverageBasicParam
 02D2:B967       _AverageMinutExpandParam
 02D2:BBA1       _CalculateMain
 02D2:BD39       _AverageExpandParams
 02D2:BE1A       _ReadFromArchive
 02D2:C004       _ReadFromMinArch
 02D2:C100       _ReadFromEvents
 02D2:C24C       _ViewError
 02D2:C323       _ReadConfigModbus
 02D2:C3E6       _WriteConfigModbus
 02D2:C47B       _ReinstallPort
 02D2:C54F       _GetValuesScale
 02D2:C5B7       _DataToModbus
 02D2:CA38       _ModbusSlave
 02D2:CD26       _DataFromModbus
 02D2:CF8C       _ModbusHost
 02D2:D155       _SendModbus
 02D2:D2AD       _GetAllDescript
 02D2:D9F9       _WriteConfigParam
 02D2:DBC6       _GetModuleAin
 02D2:DE92       _GetModuleDio
 02D2:DF01       _ExecuteInitialize
 02D2:DFC0       _WriteCodeScript
 02D2:E09B       _ReadCodeScript
 02D2:E15E       _CommunnicLink
 02D2:F431       _ConfigSetToMMI
 02D2:F58A       _ViewParamToMMI
 02D2:FC2F       _SaveParameters
 02D2:FD3B       _SaveExpParams
 02D2:FE06       _VerifySum
 12B9:0003       _RefreshWDT
 12BA:000D       _ClockHigh
 12BB:0009       _ClockHighLow
 12BB:0019       _ClockHighLow_1
 12BE:0006       _ClockLow
 12BF:006D       _ReadRTC
 12BF:00C3       _WriteRTC
 12BF:00E9       _ReadRTC_Burst
 12BF:014E       _WriteRTC_Burst
 12D6:000F       _GetDate
 12D6:0041       _GetWeekDay
 12DB:000C       _GetTime
 12DE:000F       _ReadNVRAM
 12E2:0003       _GetTimeDate
 12EE:0002       _IsLeapYear
 12EE:003E       _SetDate
 12EE:0158       _SetWeekDay
 1305:0007       _SetTime
 130E:0005       _WriteNVRAM
 1311:0003       _CheckCpuSpeed
 1311:00BE       _InitLib
 131E:002B       EE_BITWRITE
 131E:004D       _EE_Start
 131E:0070       _EE_Stop
 131E:0082       _EE_ReadAck
 131E:00A0       _EE_SendAck
 131E:00B7       EE_WRITEBYTE
 131E:00DE       _EE_ReadByte
 131E:010B       EE_INITWRITEMODE
 131E:014F       _ShowEEP_setting
 1333:0000       _EE_WriteProtect
 1334:0007       _EE_WriteEnable
 1334:000F       _EE_MultiRead
 133E:000D       _EE_MultiWrite
 1345:000B       _EE_ReadNext
 1349:000B       _EE_RandomRead
 1350:000E       _EE_RandomWrite
 1356:0005       _FlashErase
 135C:0007       _FlashUnlock
 135C:001D       _FlashCmd
 135C:0036       _FlashResetToReadMode
 135C:0046       _WaitFlashCommandEnd
 135C:010A       _FlashReadId
 1373:000A       _FlashReadB
 1373:001A       _FlashReadI
 1373:002A       _FlashReadL
 1376:000C       _FlashWrite
 137C:000C       _Delay
 1380:0000       _Utimer
 1380:0001       _Int9Isr
 1380:0036       _Int1CIsr
 1380:0052       _TimerOpen
 1380:00AF       _TimerClose
 1380:00E4       _Timer
 1392:000B       _TimerReadValue
 1394:000A       _TimerResetValue
 1395:000A       _LongDiv
 139A:0004       _Chk_Port
 139B:000C       _ClearCom
 139E:0002       _InstallCom
 13A1:000A       _WaitTransmitOver
 13A6:000E       _SetBaudrate_3
 13A6:006D       _SetDataFormat_3
 13BB:0002       _ClearCom_3
 13BC:00AE       _InstallCom_DMA_3
 13BC:0139       _ReadComn_DMA_3
 13BC:01ED       _DataSizeInCom_DMA_3
 13BC:0229       _ClearCom_DMA_3
 13BC:0248       _IsCom_DMA_3
 13BC:0257       _ReadCom_DMA_3
 13E7:0000       _IsCom_3
 13E9:0008       _SetXonXoffControlMode_3
 13E9:0013       _SetComPortBufferSize_3
 13E9:003A       _ClearTxBuffer_3
 13E9:0046       _GetTxBufferFreeSize_3
 13E9:00CD       _InstallComInputData_3
 13E9:00DF       _CheckXonXoff_3
 13E9:00F5       _Serial_Isr_3
 13E9:02DF       _InstallCom_3
 13E9:0410       _RestoreCom_3
 1434:0004       _IsComOutBufEmpty_3
 1435:0001       _ReadCom_3
 143C:0001       _ToComBufn_3
 1451:0001       _SetComTimeout_3
 1451:000C       _ToCom_3
 145B:0001       _IsTxBufEmpty_3
 145B:0009       _WaitTransmitOver_3
 145E:0000       _SetBaudrate_4
 145E:005F       _SetDataFormat_4
 1472:0004       _ClearCom_4
 1474:00A0       _InstallCom_DMA_4
 1474:012B       _ReadComn_DMA_4
 1474:01DF       _DataSizeInCom_DMA_4
 1474:021B       _ClearCom_DMA_4
 1474:023A       _IsCom_DMA_4
 1474:0249       _ReadCom_DMA_4
 149E:0002       _IsCom_4
 14A0:000A       _SetXonXoffControlMode_4
 14A0:0015       _SetComPortBufferSize_4
 14A0:003C       _ClearTxBuffer_4
 14A0:0048       _GetTxBufferFreeSize_4
 14A0:00CF       _InstallComInputData_4
 14A0:00E1       _CheckXonXoff_4
 14A0:00F7       _Serial_Isr_4
 14A0:02E1       _InstallCom_4
 14A0:0412       _RestoreCom_4
 14EB:0006       _IsComOutBufEmpty_4
 14EC:0003       _ReadCom_4
 14F3:0003       _ToComBufn_4
 1508:0003       _SetComTimeout_4
 1508:000E       _ToCom_4
 1512:0003       _IsTxBufEmpty_4
 1512:000B       _WaitTransmitOver_4
 1515:0002       _SetBaudrate_1
 1515:005F       _SetDataFormat_1
 1524:0000       _ClearCom_1
 1528:0007       _ToComBufn_1
 153C:0006       _IsCom_1
 153E:0001       _IsComOutBufEmpty_1
 153E:000E       _ReadCom_1
 1545:0007       _SetComTimeout_1
 1545:0012       _ToCom_1
 1551:000A       _SetXonXoffControlMode_1
 1551:0015       _SetComPortBufferSize_1
 1551:003D       _ClearTxBuffer_1
 1551:0056       _GetTxBufferFreeSize_1
 1551:006D       _SetComFifoTriggerLevel_1
 1551:00E5       _GetInputBufFreeSize_1
 1551:0157       _InstallComInputData_1
 1551:0169       _CheckXonXoff_1
 1551:017F       _CheckInputBufSize_1
 1551:04FE       _InstallCom_1
 1551:066E       _RestoreCom_1
 15C1:0006       _IsTxBufEmpty_1
 15C1:0014       _WaitTransmitOver_1
 15C4:000B       _SetBaudrate_2
 15C4:0068       _SetDataFormat_2
 15D3:0009       _ClearCom_2
 15D5:0008       _ToComBufn_2
 15E8:0009       _IsCom_2
 15EA:0004       _IsComOutBufEmpty_2
 15EB:0001       _ReadCom_2
 15EF:0002       _SetComTimeout
 15EF:000D       _ToCom_2
 15FA:0007       _SetComPortBufferSize_2
 15FA:0018       _ClearTxBuffer_2
 15FA:0031       _GetTxBufferFreeSize_2
 15FA:0048       _SetComFifoTriggerLevel_2
 15FA:00C0       _GetInputBufFreeSize
 15FA:010C       _InstallComInputData_2
 15FA:02A8       _InstallCom_2
 15FA:03EF       _RestoreCom_2
 1642:0007       _IsTxBufEmpty_2
 1642:0015       _WaitTransmitOver_2
 1645:000C       _SetBaudrate_5
 1645:0069       _SetDataFormat_5
 1654:000A       _ClearCom_5
 1659:0001       _IsComOutBufEmpty_5
 1659:000E       _SetXonXoffControlMode_5
 1659:0019       _SetComPortBufferSize_5
 1659:0041       _ClearTxBuffer_5
 1659:005A       _GetTxBufferFreeSize_5
 1659:0071       _SetComFifoTriggerLevel_5
 1659:00E9       _GetInputBufFreeSize_5
 1659:015B       _InstallComInputData_5
 1659:016D       _CheckXonXoff_5
 1659:0183       _CheckInputBufSize_5
 1659:0502       _InstallCom_5
 1659:0672       _RestoreCom_5
 16C9:000A       _IsTxBufEmpty_5
 16C9:0018       _WaitTransmitOver_5
 16CC:000F       _SetBaudrate_6
 16CC:006C       _SetDataFormat_6
 16DB:000D       _ClearCom_6
 16E0:0004       _IsComOutBufEmpty_6
 16E1:0001       _SetXonXoffControlMode_6
 16E1:000C       _SetComPortBufferSize_6
 16E1:0034       _ClearTxBuffer_6
 16E1:004D       _GetTxBufferFreeSize_6
 16E1:0064       _SetComFifoTriggerLevel_6
 16E1:00DC       _GetInputBufFreeSize_6
 16E1:014E       _InstallComInputData_6
 16E1:0160       _CheckXonXoff_6
 16E1:0176       _CheckInputBufSize_6
 16E1:04F5       _InstallCom_6
 16E1:0665       _RestoreCom_6
 1750:000D       _IsTxBufEmpty_6
 1750:001B       _WaitTransmitOver_6
 1754:0002       _SetBaudrate_7
 1754:005F       _SetDataFormat_7
 1763:0000       _ClearCom_7
 1767:0007       _IsComOutBufEmpty_7
 1768:0004       _SetXonXoffControlMode_7
 1768:000F       _SetComPortBufferSize_7
 1768:0037       _ClearTxBuffer_7
 1768:0050       _GetTxBufferFreeSize_7
 1768:0067       _SetComFifoTriggerLevel_7
 1768:00DF       _GetInputBufFreeSize_7
 1768:0151       _InstallComInputData_7
 1768:0163       _CheckXonXoff_7
 1768:0179       _CheckInputBufSize_7
 1768:04F8       _InstallCom_7
 1768:0668       _RestoreCom_7
 17D8:0000       _IsTxBufEmpty_7
 17D8:000E       _WaitTransmitOver_7
 17DB:0005       _ascii_to_hex
 17DF:0005       _SetDio14Dir
 17DF:0054       _SetDio14High
 17DF:0060       _SetDio14Low
 17DF:006C       _GetDio14
 17E6:020A       _GetSerialNumber
 1813:0029       _X607_Init
 1813:0044       _X607_Read
 1813:0085       _X607_Write
 1813:00FD       _X607_ReadFn
 1813:0167       _X607_WriteFn
 182D:2152       e086_Entry
 182D:26E0       e086_Shortcut
 1AA5:0306       e087_Entry
 1AA5:03C6       e087_Shortcut
 1AA5:0430       e087_Trap
 1B02:0000       DATASEG@
 1B02:005B       __Int0Vector
 1B02:005F       __Int4Vector
 1B02:0063       __Int5Vector
 1B02:0067       __Int6Vector
 1B02:006B       __C0argc
 1B02:006D       __C0argv
 1B02:0071       __C0environ
 1B02:0075       __envLng
 1B02:0077       __envseg
 1B02:0079       __envSize
 1B02:007B       __psp
 1B02:007D       __osversion
 1B02:007D       __osmajor
 1B02:007D       __version
 1B02:007E       __osminor
 1B02:007F       _errno
 1B02:0081       __StartTime
 1B02:0085       ___brklvl
 1B02:0087       __heapbase
 1B02:008B       __brklvl
 1B02:008F       __heaptop
 1B02:0094       _size_conf
 1B02:009C       _etl
 1B02:00A4       _ind_prm_alm
 1B02:00AC       _typ_port
 1B02:00B0       _ind_accum
 1B02:00B4       _conf_menu
 1B02:00E4       _main_dyn
 1B02:011D       _dyn_set
 1B02:01FE       _conf_main
 1B02:03E1       _main_select
 1B02:041B       _conf_basic
 1B02:051E       _conf_select
 1B02:05BE       _set_archive
 1B02:05DA       _conf_icp
 1B02:07D2       _conf_exp
 1B02:0BCE       _step
 1B02:0BD0       _page_clear
 1B02:0BD1       _page_str_pass
 1B02:0BD2       _OK
 1B02:0BD3       _count_menu
 1B02:0BD4       _str_page
 1B02:0C44       _str_menu
 1B02:0C70       _str_menu1
 1B02:0C80       _str_menu2
 1B02:0C90       _psw
 1B02:0C9A       _set_pr
 1B02:0C9D       _set_st
 1B02:0C9F       _set_dt
 1B02:0CA1       _set_bd
 1B02:0CC1       _conf_all
 1B02:0E59       _dyn_all
 1B02:0F75       _name_mmi_exp
 1B02:0F91       _units_all
 1B02:1015       _name_sel_all
 1B02:1201       _name_mmi_select
 1B02:1219       _name_arch
 1B02:1235       _set_ta
 1B02:123D       _err_pnt
 1B02:1243       _lnt_mvs
 1B02:1247       _name_icp
 1B02:1251       _mvs_rd
 1B02:1256       _mvs_rdl
 1B02:125B       _mvs_wr
 1B02:1261       _mvs_cbr
 1B02:1267       _mb_page
 1B02:1277       _ind_rst
 1B02:127B       _exp_size_prm
 1B02:2B70       _MaxDay
 1B02:2B88       _TimeTicks
 1B02:2B8C       _ResetMode
 1B02:2B90       _IntVect
 1B02:2B94       _SystemSerialNumber
 1B02:2B98       ____OsType__
 1B02:2B9C       _Unit_ms
 1B02:2B9E       _Unit_ms1
 1B02:2BA0       _Unit_ms2
 1B02:2BA2       _bNeedSetSpeed
 1B02:2BA4       ___BaudDiv__
 1B02:2BA8       __CpuSpeed
 1B02:2BAA       _STD_PORT
 1B02:2BAE       _EE_ClockHighLow
 1B02:2BB2       _EE1_RandomRead
 1B02:2BB6       _EE1_ReadNext
 1B02:2BBA       _EE1_MultiRead
 1B02:2BBE       _EE1_RandomWrite
 1B02:2BC2       _EE1_MultiWrite
 1B02:2BC6       _WaitAckCount
 1B02:2BC8       _EE_Err
 1B02:2BCA       _bWrite
 1B02:2BCC       _EepType
 1B02:2BCE       _EepBlockOffset
 1B02:2BD0       _EepAddrOffset
 1B02:2BD2       _ProtectMode
 1B02:2BD4       _fCheck
 1B02:2BD6       _StartSector
 1B02:2BD8       _FlashId
 1B02:2BDA       _FlashSize
 1B02:2BDC       _SectorSize256
 1B02:2BE8       _SectorSize512
 1B02:2BFC       _TimerCount
 1B02:2C00       _UseTimer
 1B02:2C02       _OldInt09Isr
 1B02:2C06       _OldInt1CIsr
 1B02:2C0A       _UserTimerFunction
 1B02:2C0E       _UserTimer1cFunction
 1B02:2C14       _StopWatchValue
 1B02:2C34       _StopWatchMode
 1B02:2C36       _CountDownTimer
 1B02:2C56       _ClearCom_
 1B02:2C76       _InstallCom_
 1B02:2C96       _TriggerLevel
 1B02:2CA4       _WaitTransmitOver_
 1B02:2CC4       __Modify_Data
 1B02:2CD4       __Stop2_3
 1B02:2CDC       _In7188Buf_3
 1B02:2CE0       _Out7188Buf_3
 1B02:2CE4       _InBufSize_3
 1B02:2CE6       _OutBufSize_3
 1B02:2CE8       _InBeginIdx_3
 1B02:2CEA       _InEndIdx_3
 1B02:2CEC       _OutBeginIdx_3
 1B02:2CEE       _OutEndIdx_3
 1B02:2CF0       _SizeToXoff_3
 1B02:2CF2       _SizeToXon_3
 1B02:2CF4       _ReceiveXoff_3
 1B02:2CF5       _NeedXoff_3
 1B02:2CF6       _SendXoff_3
 1B02:2CF7       _bUseXonXoff_3
 1B02:2CF8       _err_3
 1B02:2CF9       _UseDMA_3
 1B02:2CFB       _OldVectA
 1B02:2CFF       _ComData7_3
 1B02:2D01       _Rcnt_3
 1B02:2D05       _LossCnt__3
 1B02:2D09       _LossCnt_1_3
 1B02:2D0D       _LossCnt_2_3
 1B02:2D11       _status1_3
 1B02:2D17       _bGetBreak_3
 1B02:2D1C       __Stop2_4
 1B02:2D24       _In7188Buf_4
 1B02:2D28       _Out7188Buf_4
 1B02:2D2C       _InBufSize_4
 1B02:2D2E       _OutBufSize_4
 1B02:2D30       _InBeginIdx_4
 1B02:2D32       _InEndIdx_4
 1B02:2D34       _OutBeginIdx_4
 1B02:2D36       _OutEndIdx_4
 1B02:2D38       _SizeToXoff_4
 1B02:2D3A       _SizeToXon_4
 1B02:2D3C       _ReceiveXoff_4
 1B02:2D3D       _NeedXoff_4
 1B02:2D3E       _SendXoff_4
 1B02:2D3F       _bUseXonXoff_4
 1B02:2D40       _err_4
 1B02:2D41       _UseDMA_4
 1B02:2D43       _OldVectB
 1B02:2D47       _ComData7_4
 1B02:2D49       _Rcnt_4
 1B02:2D4D       _LossCnt_0_4
 1B02:2D51       _LossCnt_1_4
 1B02:2D55       _LossCnt_2_4
 1B02:2D59       _status1_4
 1B02:2D5F       _bGetBreak_4
 1B02:2D66       _ComBase_1
 1B02:2D68       _InInIdx_1
 1B02:2D6A       _InOutIdx_1
 1B02:2D6C       _ComErr_1
 1B02:2D6D       _InData_1
 1B02:2D71       _OutData_1
 1B02:2D75       _InBufSize_1
 1B02:2D77       _OutBufSize_1
 1B02:2D79       _OutInIdx_1
 1B02:2D7B       _OutOutIdx_1
 1B02:2D7D       _fCtsControlMode_1
 1B02:2D7F       _fRtsControlMode_1
 1B02:2D81       _CurCTS_1
 1B02:2D83       _CurRTS_1
 1B02:2D85       _bCtsChanged_1
 1B02:2D87       _SizeToXoff_1
 1B02:2D89       _SizeToXon_1
 1B02:2D8B       _ReceiveXoff_1
 1B02:2D8C       _NeedXoff_1
 1B02:2D8D       _SendXoff_1
 1B02:2D8E       _bUseXonXoff_1
 1B02:2D8F       _ComFcr_1
 1B02:2D90       _DoInputData_1
 1B02:2D94       _ComInCount_1
 1B02:2D98       _ComOutCount_1
 1B02:2D9C       _bGetBreak_1
 1B02:2DA2       _bMsrChanged_1
 1B02:2DA4       _LsrError_1
 1B02:2DA8       _ComBase_2
 1B02:2DAA       _InInIdx_2
 1B02:2DAC       _InOutIdx_2
 1B02:2DAE       _ComErr_2
 1B02:2DAF       _InData_2
 1B02:2DB3       _OutData_2
 1B02:2DB7       _InBufSize_2
 1B02:2DB9       _OutBufSize_2
 1B02:2DBB       _OutInIdx_2
 1B02:2DBD       _OutOutIdx_2
 1B02:2DBF       _ComFcr_2
 1B02:2DC0       _DoInputData_2
 1B02:2DC4       _ComInCount_2
 1B02:2DC8       _ComOutCount_2
 1B02:2DCC       _bGetBreak_2
 1B02:2DD2       _bMsrChanged
 1B02:2DD4       _LsrError_2
 1B02:2DD6       _ComBase_5
 1B02:2DD8       _InInIdx_5
 1B02:2DDA       _InOutIdx_5
 1B02:2DDC       _ComErr_5
 1B02:2DDD       _InData_5
 1B02:2DE1       _OutData_5
 1B02:2DE5       _InBufSize_5
 1B02:2DE7       _OutBufSize_5
 1B02:2DE9       _OutInIdx_5
 1B02:2DEB       _OutOutIdx_5
 1B02:2DED       _fCtsControlMode_5
 1B02:2DEF       _fRtsControlMode_5
 1B02:2DF1       _CurCTS_5
 1B02:2DF3       _CurRTS_5
 1B02:2DF5       _bCtsChanged_5
 1B02:2DF7       _SizeToXoff_5
 1B02:2DF9       _SizeToXon_5
 1B02:2DFB       _ReceiveXoff_5
 1B02:2DFC       _NeedXoff_5
 1B02:2DFD       _SendXoff_5
 1B02:2DFE       _bUseXonXoff_5
 1B02:2DFF       _ComFcr_5
 1B02:2E00       _DoInputData_5
 1B02:2E04       _ComInCount_5
 1B02:2E08       _ComOutCount_5
 1B02:2E0C       _bGetBreak_5
 1B02:2E12       _bMsrChanged_5
 1B02:2E14       _LsrError_5
 1B02:2E16       _ComBase_6
 1B02:2E18       _InInIdx_6
 1B02:2E1A       _InOutIdx_6
 1B02:2E1C       _ComErr_6
 1B02:2E1D       _InData_6
 1B02:2E21       _OutData_6
 1B02:2E25       _InBufSize_6
 1B02:2E27       _OutBufSize_6
 1B02:2E29       _OutInIdx_6
 1B02:2E2B       _OutOutIdx_6
 1B02:2E2D       _fCtsControlMode_6
 1B02:2E2F       _fRtsControlMode_6
 1B02:2E31       _CurCTS_6
 1B02:2E33       _CurRTS_6
 1B02:2E35       _bCtsChanged_6
 1B02:2E37       _SizeToXoff_6
 1B02:2E39       _SizeToXon_6
 1B02:2E3B       _ReceiveXoff_6
 1B02:2E3C       _NeedXoff_6
 1B02:2E3D       _SendXoff_6
 1B02:2E3E       _bUseXonXoff_6
 1B02:2E3F       _ComFcr_6
 1B02:2E40       _DoInputData_6
 1B02:2E44       _ComInCount_6
 1B02:2E48       _ComOutCount_6
 1B02:2E4C       _bGetBreak_6
 1B02:2E52       _bMsrChanged_6
 1B02:2E54       _LsrError_6
 1B02:2E56       _ComBase_7
 1B02:2E58       _InInIdx_7
 1B02:2E5A       _InOutIdx_7
 1B02:2E5C       _ComErr_7
 1B02:2E5D       _InData_7
 1B02:2E61       _OutData_7
 1B02:2E65       _InBufSize_7
 1B02:2E67       _OutBufSize_7
 1B02:2E69       _OutInIdx_7
 1B02:2E6B       _OutOutIdx_7
 1B02:2E6D       _fCtsControlMode_7
 1B02:2E6F       _fRtsControlMode_7
 1B02:2E71       _CurCTS_7
 1B02:2E73       _CurRTS_7
 1B02:2E75       _bCtsChanged_7
 1B02:2E77       _SizeToXoff_7
 1B02:2E79       _SizeToXon_7
 1B02:2E7B       _ReceiveXoff_7
 1B02:2E7C       _NeedXoff_7
 1B02:2E7D       _SendXoff_7
 1B02:2E7E       _bUseXonXoff_7
 1B02:2E7F       _ComFcr_7
 1B02:2E80       _DoInputData_7
 1B02:2E84       _ComInCount_7
 1B02:2E88       _ComOutCount_7
 1B02:2E8C       _bGetBreak_7
 1B02:2E92       _bMsrChanged_7
 1B02:2E94       _LsrError_7
 1B02:2E96       _hex_to_ascii
 1B02:2EC0       __8087
 1B02:2ED0       __protected
 1B02:2ED1       __LDT
 1B02:2ED4       __default87
 1B02:2ED6       __huge_flt
 1B02:2EDA       __huge_dble
 1B02:2EE2       __huge_ldble
 1B02:2EEC       __indefinite
 1B02:2EF0       __tiny_ldble
 1B02:2EFA       __mathwhy
 1B02:30BA       __atexitcnt
 1B02:30BC       __ctype
 1B02:31BE       __exitbuf
 1B02:31C2       __exitfopen
 1B02:31C6       __exitopen
 1B02:31CA       __streams
 1B02:335A       __nfile
 1B02:335C       __openfd
 1B02:3384       __fpstklen
 1B02:3386       __doserrno
 1B02:3388       __dosErrorToSV
 1B02:33E2       __stklen
 1B02:3486       __RealCvtVector
 1B02:348A       __ScanTodVector
 1B02:34A8       _proba
 1B02:34B7       _sec
 1B02:34B9       _min
 1B02:34BB       _hour
 1B02:34BD       _day
 1B02:34BF       _month
 1B02:34C1       _year
 1B02:34C3       _cnt
 1B02:34CB       _serial_num
 1B02:34D3       _checksum
 1B02:34D7       _Real_exp_dyn
 1B02:34D8       _Max_exp_mmi
 1B02:34D9       _musor
 1B02:34DA       _ind_err
 1B02:34DB       _flg_err
 1B02:350D       _err
 1B02:353F       _icp_wr
 1B02:3542       _cnt_init
 1B02:3543       _flg_pool
 1B02:3544       _icp_pool
 1B02:3545       _cnt_cbr
 1B02:3546       _dlt_tm
 1B02:3547       _avg_old
 1B02:3548       _flg_arc_clr
 1B02:3549       _flg_sec
 1B02:354A       _flg_min
 1B02:354B       _flg_arc_d
 1B02:354C       _flg_arc_h
 1B02:354D       _flg_init_arc
 1B02:354E       _flg_auto
 1B02:354F       _flg_month
 1B02:3550       _icp_lnt
 1B02:3551       _mmi_pool
 1B02:3552       _ind_dsp
 1B02:3553       _typ_pool
 1B02:3554       _mvs_cmd
 1B02:3556       _mvs_val
 1B02:355A       _Script
 1B02:3577       _Expand
 1B02:3977       _Basic
 1B02:3C37       _Host
 1B02:3C42       _Config
 1B02:3E56       _Prt
 1B02:3E61       _Device
 1B02:3F52       _Dio
 1B02:3F62       _Aout
 1B02:3FDA       _Ain
 1B02:4246       _Sensor
 1B02:44A2       _Port
 1B02:48B6       _mmi_sel
 1B02:48D4       _size_max
 1B02:48D5       _mmi_adr
 1B02:48D7       _mmi_seg
 1B02:48D9       _mmi_arc
 1B02:48DB       _flg_modem
 1B02:48DC       _count_smb
 1B02:48DD       _coord
 1B02:48E5       _mmi_val
 1B02:48EB       _flg_init
 1B02:48EC       _mmi_arc_page
 1B02:48ED       _mmi_size
 1B02:48EE       _mmi_num_sel
 1B02:48EF       _enter_ind
 1B02:48F0       _mmi_pass
 1B02:48F1       _Horizont
 1B02:48F2       _Vertical
 1B02:48F3       _Size_str
 1B02:48F4       _mmi_str
 1B02:4912       _Display
 1B02:4926       _Cursor
 1B02:492B       _page_temporary
 1B02:492C       _exp_const
 1B02:497C       _exp_dyn
 1B02:4A44       _Modbus
 1B02:4A70       _CurMsr_1
 1B02:4A72       _CurMsr
 1B02:4A88       _CurMsr_5
 1B02:4A94       _CurMsr_6
 1B02:4AA0       _CurMsr_7
 1B02:4AA2       __atexittbl
 1B02:4B22       ___SignalPtr
 1FB5:0000       __emu

Program entry point at 0000:0000

